Archive member included to satisfy reference by file (symbol)

c:/st/stm32cubeide_1.7.0/stm32cubeide/plugins/com.st.stm32cube.ide.mcu.externaltools.gnu-tools-for-stm32.9-2020-q2-update.win32_2.0.0.202105311346/tools/bin/../lib/gcc/arm-none-eabi/9.3.1/../../../../arm-none-eabi/lib/thumb/v7e-m+dp/hard\libc_nano.a(lib_a-errno.o)
                              ./Core/Src/syscalls.o (__errno)
c:/st/stm32cubeide_1.7.0/stm32cubeide/plugins/com.st.stm32cube.ide.mcu.externaltools.gnu-tools-for-stm32.9-2020-q2-update.win32_2.0.0.202105311346/tools/bin/../lib/gcc/arm-none-eabi/9.3.1/../../../../arm-none-eabi/lib/thumb/v7e-m+dp/hard\libc_nano.a(lib_a-exit.o)
                              c:/st/stm32cubeide_1.7.0/stm32cubeide/plugins/com.st.stm32cube.ide.mcu.externaltools.gnu-tools-for-stm32.9-2020-q2-update.win32_2.0.0.202105311346/tools/bin/../lib/gcc/arm-none-eabi/9.3.1/../../../../arm-none-eabi/lib/thumb/v7e-m+dp/hard/crt0.o (exit)
c:/st/stm32cubeide_1.7.0/stm32cubeide/plugins/com.st.stm32cube.ide.mcu.externaltools.gnu-tools-for-stm32.9-2020-q2-update.win32_2.0.0.202105311346/tools/bin/../lib/gcc/arm-none-eabi/9.3.1/../../../../arm-none-eabi/lib/thumb/v7e-m+dp/hard\libc_nano.a(lib_a-impure.o)
                              c:/st/stm32cubeide_1.7.0/stm32cubeide/plugins/com.st.stm32cube.ide.mcu.externaltools.gnu-tools-for-stm32.9-2020-q2-update.win32_2.0.0.202105311346/tools/bin/../lib/gcc/arm-none-eabi/9.3.1/../../../../arm-none-eabi/lib/thumb/v7e-m+dp/hard\libc_nano.a(lib_a-exit.o) (_global_impure_ptr)
c:/st/stm32cubeide_1.7.0/stm32cubeide/plugins/com.st.stm32cube.ide.mcu.externaltools.gnu-tools-for-stm32.9-2020-q2-update.win32_2.0.0.202105311346/tools/bin/../lib/gcc/arm-none-eabi/9.3.1/../../../../arm-none-eabi/lib/thumb/v7e-m+dp/hard\libc_nano.a(lib_a-init.o)
                              c:/st/stm32cubeide_1.7.0/stm32cubeide/plugins/com.st.stm32cube.ide.mcu.externaltools.gnu-tools-for-stm32.9-2020-q2-update.win32_2.0.0.202105311346/tools/bin/../lib/gcc/arm-none-eabi/9.3.1/../../../../arm-none-eabi/lib/thumb/v7e-m+dp/hard/crt0.o (__libc_init_array)
c:/st/stm32cubeide_1.7.0/stm32cubeide/plugins/com.st.stm32cube.ide.mcu.externaltools.gnu-tools-for-stm32.9-2020-q2-update.win32_2.0.0.202105311346/tools/bin/../lib/gcc/arm-none-eabi/9.3.1/../../../../arm-none-eabi/lib/thumb/v7e-m+dp/hard\libc_nano.a(lib_a-memset.o)
                              c:/st/stm32cubeide_1.7.0/stm32cubeide/plugins/com.st.stm32cube.ide.mcu.externaltools.gnu-tools-for-stm32.9-2020-q2-update.win32_2.0.0.202105311346/tools/bin/../lib/gcc/arm-none-eabi/9.3.1/../../../../arm-none-eabi/lib/thumb/v7e-m+dp/hard/crt0.o (memset)
c:/st/stm32cubeide_1.7.0/stm32cubeide/plugins/com.st.stm32cube.ide.mcu.externaltools.gnu-tools-for-stm32.9-2020-q2-update.win32_2.0.0.202105311346/tools/bin/../lib/gcc/arm-none-eabi/9.3.1/../../../../arm-none-eabi/lib/thumb/v7e-m+dp/hard\libc_nano.a(lib_a-sprintf.o)
                              ./Core/Src/main.o (sprintf)
c:/st/stm32cubeide_1.7.0/stm32cubeide/plugins/com.st.stm32cube.ide.mcu.externaltools.gnu-tools-for-stm32.9-2020-q2-update.win32_2.0.0.202105311346/tools/bin/../lib/gcc/arm-none-eabi/9.3.1/../../../../arm-none-eabi/lib/thumb/v7e-m+dp/hard\libc_nano.a(lib_a-strlen.o)
                              ./Core/Src/main.o (strlen)
c:/st/stm32cubeide_1.7.0/stm32cubeide/plugins/com.st.stm32cube.ide.mcu.externaltools.gnu-tools-for-stm32.9-2020-q2-update.win32_2.0.0.202105311346/tools/bin/../lib/gcc/arm-none-eabi/9.3.1/../../../../arm-none-eabi/lib/thumb/v7e-m+dp/hard\libc_nano.a(lib_a-nano-svfprintf.o)
                              c:/st/stm32cubeide_1.7.0/stm32cubeide/plugins/com.st.stm32cube.ide.mcu.externaltools.gnu-tools-for-stm32.9-2020-q2-update.win32_2.0.0.202105311346/tools/bin/../lib/gcc/arm-none-eabi/9.3.1/../../../../arm-none-eabi/lib/thumb/v7e-m+dp/hard\libc_nano.a(lib_a-sprintf.o) (_svfprintf_r)
c:/st/stm32cubeide_1.7.0/stm32cubeide/plugins/com.st.stm32cube.ide.mcu.externaltools.gnu-tools-for-stm32.9-2020-q2-update.win32_2.0.0.202105311346/tools/bin/../lib/gcc/arm-none-eabi/9.3.1/../../../../arm-none-eabi/lib/thumb/v7e-m+dp/hard\libc_nano.a(lib_a-nano-vfprintf_i.o)
                              c:/st/stm32cubeide_1.7.0/stm32cubeide/plugins/com.st.stm32cube.ide.mcu.externaltools.gnu-tools-for-stm32.9-2020-q2-update.win32_2.0.0.202105311346/tools/bin/../lib/gcc/arm-none-eabi/9.3.1/../../../../arm-none-eabi/lib/thumb/v7e-m+dp/hard\libc_nano.a(lib_a-nano-svfprintf.o) (_printf_i)
c:/st/stm32cubeide_1.7.0/stm32cubeide/plugins/com.st.stm32cube.ide.mcu.externaltools.gnu-tools-for-stm32.9-2020-q2-update.win32_2.0.0.202105311346/tools/bin/../lib/gcc/arm-none-eabi/9.3.1/../../../../arm-none-eabi/lib/thumb/v7e-m+dp/hard\libc_nano.a(lib_a-memchr.o)
[...]
Memory Configuration

Name             Origin             Length             Attributes
ITCMRAM          0x0000000000000000 0x0000000000010000 xrw
FLASH            0x0000000008000000 0x0000000000200000 xr
DTCMRAM1         0x0000000020000000 0x0000000000010000 xrw
DTCMRAM2         0x0000000020010000 0x0000000000010000 xrw
RAM              0x0000000024000000 0x0000000000100000 xrw
RAM_CD           0x0000000030000000 0x0000000000020000 xrw
RAM_SRD          0x0000000038000000 0x0000000000008000 xrw
*default*        0x0000000000000000 0xffffffffffffffff

Linker script and memory map

LOAD c:/st/stm32cubeide_1.7.0/stm32cubeide/plugins/com.st.stm32cube.ide.mcu.externaltools.gnu-tools-for-stm32.9-2020-q2-update.win32_2.0.0.202105311346/tools/bin/../lib/gcc/arm-none-eabi/9.3.1/thumb/v7e-m+dp/hard/crti.o
LOAD c:/st/stm32cubeide_1.7.0/stm32cubeide/plugins/com.st.stm32cube.ide.mcu.externaltools.gnu-tools-for-stm32.9-2020-q2-update.win32_2.0.0.202105311346/tools/bin/../lib/gcc/arm-none-eabi/9.3.1/thumb/v7e-m+dp/hard/crtbegin.o
LOAD c:/st/stm32cubeide_1.7.0/stm32cubeide/plugins/com.st.stm32cube.ide.mcu.externaltools.gnu-tools-for-stm32.9-2020-q2-update.win32_2.0.0.202105311346/tools/bin/../lib/gcc/arm-none-eabi/9.3.1/../../../../arm-none-eabi/lib/thumb/v7e-m+dp/hard/crt0.o
LOAD ./Core/Src/main.o
LOAD ./Core/Src/stm32h7xx_hal_msp.o
LOAD ./Core/Src/stm32h7xx_it.o
LOAD ./Core/Src/syscalls.o
LOAD ./Core/Src/sysmem.o
LOAD ./Core/Src/system_stm32h7xx.o
LOAD ./Core/Startup/startup_stm32h7a3zitxq.o
LOAD ./Drivers/STM32H7xx_HAL_Driver/Src/stm32h7xx_hal.o
LOAD ./Drivers/STM32H7xx_HAL_Driver/Src/stm32h7xx_hal_adc.o
LOAD ./Drivers/STM32H7xx_HAL_Driver/Src/stm32h7xx_hal_adc_ex.o
LOAD ./Drivers/STM32H7xx_HAL_Driver/Src/stm32h7xx_hal_cortex.o
LOAD ./Drivers/STM32H7xx_HAL_Driver/Src/stm32h7xx_hal_dma.o
LOAD ./Drivers/STM32H7xx_HAL_Driver/Src/stm32h7xx_hal_dma_ex.o
LOAD ./Drivers/STM32H7xx_HAL_Driver/Src/stm32h7xx_hal_exti.o
LOAD ./Drivers/STM32H7xx_HAL_Driver/Src/stm32h7xx_hal_flash.o
LOAD ./Drivers/STM32H7xx_HAL_Driver/Src/stm32h7xx_hal_flash_ex.o
LOAD ./Drivers/STM32H7xx_HAL_Driver/Src/stm32h7xx_hal_gpio.o
LOAD ./Drivers/STM32H7xx_HAL_Driver/Src/stm32h7xx_hal_hsem.o
LOAD ./Drivers/STM32H7xx_HAL_Driver/Src/stm32h7xx_hal_i2c.o
LOAD ./Drivers/STM32H7xx_HAL_Driver/Src/stm32h7xx_hal_i2c_ex.o
LOAD ./Drivers/STM32H7xx_HAL_Driver/Src/stm32h7xx_hal_iwdg.o
LOAD ./Drivers/STM32H7xx_HAL_Driver/Src/stm32h7xx_hal_mdma.o
LOAD ./Drivers/STM32H7xx_HAL_Driver/Src/stm32h7xx_hal_pwr.o
LOAD ./Drivers/STM32H7xx_HAL_Driver/Src/stm32h7xx_hal_pwr_ex.o
LOAD ./Drivers/STM32H7xx_HAL_Driver/Src/stm32h7xx_hal_rcc.o
LOAD ./Drivers/STM32H7xx_HAL_Driver/Src/stm32h7xx_hal_rcc_ex.o
LOAD ./Drivers/STM32H7xx_HAL_Driver/Src/stm32h7xx_hal_rng.o
LOAD ./Drivers/STM32H7xx_HAL_Driver/Src/stm32h7xx_hal_rng_ex.o
LOAD ./Drivers/STM32H7xx_HAL_Driver/Src/stm32h7xx_hal_rtc.o
LOAD ./Drivers/STM32H7xx_HAL_Driver/Src/stm32h7xx_hal_rtc_ex.o
LOAD ./Drivers/STM32H7xx_HAL_Driver/Src/stm32h7xx_hal_tim.o
LOAD ./Drivers/STM32H7xx_HAL_Driver/Src/stm32h7xx_hal_tim_ex.o
LOAD ./Drivers/STM32H7xx_HAL_Driver/Src/stm32h7xx_hal_uart.o
LOAD ./Drivers/STM32H7xx_HAL_Driver/Src/stm32h7xx_hal_uart_ex.o
START GROUP
LOAD c:/st/stm32cubeide_1.7.0/stm32cubeide/plugins/com.st.stm32cube.ide.mcu.externaltools.gnu-tools-for-stm32.9-2020-q2-update.win32_2.0.0.202105311346/tools/bin/../lib/gcc/arm-none-eabi/9.3.1/../../../../arm-none-eabi/lib/thumb/v7e-m+dp/hard\libc_nano.a
LOAD c:/st/stm32cubeide_1.7.0/stm32cubeide/plugins/com.st.stm32cube.ide.mcu.externaltools.gnu-tools-for-stm32.9-2020-q2-update.win32_2.0.0.202105311346/tools/bin/../lib/gcc/arm-none-eabi/9.3.1/../../../../arm-none-eabi/lib/thumb/v7e-m+dp/hard\libm.a
END GROUP
START GROUP
LOAD c:/st/stm32cubeide_1.7.0/stm32cubeide/plugins/com.st.stm32cube.ide.mcu.externaltools.gnu-tools-for-stm32.9-2020-q2-update.win32_2.0.0.202105311346/tools/bin/../lib/gcc/arm-none-eabi/9.3.1/thumb/v7e-m+dp/hard\libgcc.a
LOAD c:/st/stm32cubeide_1.7.0/stm32cubeide/plugins/com.st.stm32cube.ide.mcu.externaltools.gnu-tools-for-stm32.9-2020-q2-update.win32_2.0.0.202105311346/tools/bin/../lib/gcc/arm-none-eabi/9.3.1/../../../../arm-none-eabi/lib/thumb/v7e-m+dp/hard\libc_nano.a
END GROUP
START GROUP
LOAD c:/st/stm32cubeide_1.7.0/stm32cubeide/plugins/com.st.stm32cube.ide.mcu.externaltools.gnu-tools-for-stm32.9-2020-q2-update.win32_2.0.0.202105311346/tools/bin/../lib/gcc/arm-none-eabi/9.3.1/thumb/v7e-m+dp/hard\libgcc.a
LOAD c:/st/stm32cubeide_1.7.0/stm32cubeide/plugins/com.st.stm32cube.ide.mcu.externaltools.gnu-tools-for-stm32.9-2020-q2-update.win32_2.0.0.202105311346/tools/bin/../lib/gcc/arm-none-eabi/9.3.1/../../../../arm-none-eabi/lib/thumb/v7e-m+dp/hard\libc_nano.a
LOAD c:/st/stm32cubeide_1.7.0/stm32cubeide/plugins/com.st.stm32cube.ide.mcu.externaltools.gnu-tools-for-stm32.9-2020-q2-update.win32_2.0.0.202105311346/tools/bin/../lib/gcc/arm-none-eabi/9.3.1/../../../../arm-none-eabi/lib/thumb/v7e-m+dp/hard\libnosys.a
END GROUP
START GROUP
LOAD c:/st/stm32cubeide_1.7.0/stm32cubeide/plugins/com.st.stm32cube.ide.mcu.externaltools.gnu-tools-for-stm32.9-2020-q2-update.win32_2.0.0.202105311346/tools/bin/../lib/gcc/arm-none-eabi/9.3.1/thumb/v7e-m+dp/hard\libgcc.a
LOAD c:/st/stm32cubeide_1.7.0/stm32cubeide/plugins/com.st.stm32cube.ide.mcu.externaltools.gnu-tools-for-stm32.9-2020-q2-update.win32_2.0.0.202105311346/tools/bin/../lib/gcc/arm-none-eabi/9.3.1/../../../../arm-none-eabi/lib/thumb/v7e-m+dp/hard\libc_nano.a
LOAD c:/st/stm32cubeide_1.7.0/stm32cubeide/plugins/com.st.stm32cube.ide.mcu.externaltools.gnu-tools-for-stm32.9-2020-q2-update.win32_2.0.0.202105311346/tools/bin/../lib/gcc/arm-none-eabi/9.3.1/../../../../arm-none-eabi/lib/thumb/v7e-m+dp/hard\libnosys.a
END GROUP
LOAD c:/st/stm32cubeide_1.7.0/stm32cubeide/plugins/com.st.stm32cube.ide.mcu.externaltools.gnu-tools-for-stm32.9-2020-q2-update.win32_2.0.0.202105311346/tools/bin/../lib/gcc/arm-none-eabi/9.3.1/thumb/v7e-m+dp/hard/crtend.o
LOAD c:/st/stm32cubeide_1.7.0/stm32cubeide/plugins/com.st.stm32cube.ide.mcu.externaltools.gnu-tools-for-stm32.9-2020-q2-update.win32_2.0.0.202105311346/tools/bin/../lib/gcc/arm-none-eabi/9.3.1/thumb/v7e-m+dp/hard/crtn.o
                0x0000000024100000                _estack = (ORIGIN (RAM) + LENGTH (RAM))
                0x0000000000000200                _Min_Heap_Size = 0x200
                0x0000000000000400                _Min_Stack_Size = 0x400

.isr_vector     0x0000000008000000      0x2ac
                0x0000000008000000                . = ALIGN (0x4)
 *(.isr_vector)
 .isr_vector    0x0000000008000000      0x2ac ./Core/Startup/startup_stm32h7a3zitxq.o
                0x0000000008000000                g_pfnVectors
                0x00000000080002ac                . = ALIGN (0x4)

.text           0x00000000080002ac     0x7528
                0x00000000080002ac                . = ALIGN (0x4)
 *(.text)
 .text          0x00000000080002ac       0x40 c:/st/stm32cubeide_1.7.0/stm32cubeide/plugins/com.st.stm32cube.ide.mcu.externaltools.gnu-tools-for-stm32.9-2020-q2-update.win32_2.0.0.202105311346/tools/bin/../lib/gcc/arm-none-eabi/9.3.1/thumb/v7e-m+dp/hard/crtbegin.o
 .text          0x00000000080002ec       0x10 c:/st/stm32cubeide_1.7.0/stm32cubeide/plugins/com.st.stm32cube.ide.mcu.externaltools.gnu-tools-for-stm32.9-2020-q2-update.win32_2.0.0.202105311346/tools/bin/../lib/gcc/arm-none-eabi/9.3.1/../../../../arm-none-eabi/lib/thumb/v7e-m+dp/hard\libc_nano.a(lib_a-strlen.o)
                0x00000000080002ec                strlen
 .text          0x00000000080002fc       0x30 c:/st/stm32cubeide_1.7.0/stm32cubeide/plugins/com.st.stm32cube.ide.mcu.externaltools.gnu-tools-for-stm32.9-2020-q2-update.win32_2.0.0.202105311346/tools/bin/../lib/gcc/arm-none-eabi/9.3.1/thumb/v7e-m+dp/hard\libgcc.a(_aeabi_uldivmod.o)
                0x00000000080002fc                __aeabi_uldivmod
 .text          0x000000000800032c      0x2c4 c:/st/stm32cubeide_1.7.0/stm32cubeide/plugins/com.st.stm32cube.ide.mcu.externaltools.gnu-tools-for-stm32.9-2020-q2-update.win32_2.0.0.202105311346/tools/bin/../lib/gcc/arm-none-eabi/9.3.1/thumb/v7e-m+dp/hard\libgcc.a(_udivmoddi4.o)
                0x000000000800032c                __udivmoddi4
 .text          0x00000000080005f0        0x4 c:/st/stm32cubeide_1.7.0/stm32cubeide/plugins/com.st.stm32cube.ide.mcu.externaltools.gnu-tools-for-stm32.9-2020-q2-update.win32_2.0.0.202105311346/tools/bin/../lib/gcc/arm-none-eabi/9.3.1/thumb/v7e-m+dp/hard\libgcc.a(_dvmd_tls.o)
                0x00000000080005f0                __aeabi_idiv0
                0x00000000080005f0                __aeabi_ldiv0
 *(.text*)
 .text.main     0x00000000080005f4      0x108 ./Core/Src/main.o
                0x00000000080005f4                main
 .text.SystemClock_Config
                0x00000000080006fc       0xfc ./Core/Src/main.o
                0x00000000080006fc                SystemClock_Config
 .text.MX_ADC2_Init
                0x00000000080007f8       0xcc ./Core/Src/main.o
 .text.MX_IWDG1_Init
                0x00000000080008c4       0x3c ./Core/Src/main.o
 .text.MX_RNG_Init
                0x0000000008000900       0x2c ./Core/Src/main.o
 .text.MX_RTC_Init
                0x000000000800092c      0x124 ./Core/Src/main.o
 .text.MX_USART3_UART_Init
                0x0000000008000a50       0x98 ./Core/Src/main.o
 .text.MX_GPIO_Init
                0x0000000008000ae8      0x218 ./Core/Src/main.o
 .text.HAL_RTC_AlarmAEventCallback
                0x0000000008000d00       0x2c ./Core/Src/main.o
                0x0000000008000d00                HAL_RTC_AlarmAEventCallback
 .text.Error_Handler
                0x0000000008000d2c        0xa ./Core/Src/main.o
                0x0000000008000d2c                Error_Handler
 *fill*         0x0000000008000d36        0x2 
 .text.HAL_MspInit
                0x0000000008000d38       0x34 ./Core/Src/stm32h7xx_hal_msp.o
                0x0000000008000d38                HAL_MspInit
 .text.HAL_ADC_MspInit
                0x0000000008000d6c       0x90 ./Core/Src/stm32h7xx_hal_msp.o
                0x0000000008000d6c                HAL_ADC_MspInit
 .text.HAL_RNG_MspInit
                0x0000000008000dfc       0x70 ./Core/Src/stm32h7xx_hal_msp.o
                0x0000000008000dfc                HAL_RNG_MspInit
 .text.HAL_RTC_MspInit
                0x0000000008000e6c       0x70 ./Core/Src/stm32h7xx_hal_msp.o
                0x0000000008000e6c                HAL_RTC_MspInit
 .text.HAL_UART_MspInit
                0x0000000008000edc       0xcc ./Core/Src/stm32h7xx_hal_msp.o
                0x0000000008000edc                HAL_UART_MspInit
 .text.NMI_Handler
                0x0000000008000fa8        0x6 ./Core/Src/stm32h7xx_it.o
                0x0000000008000fa8                NMI_Handler
 .text.HardFault_Handler
                0x0000000008000fae        0x6 ./Core/Src/stm32h7xx_it.o
                0x0000000008000fae                HardFault_Handler
 .text.MemManage_Handler
                0x0000000008000fb4        0x6 ./Core/Src/stm32h7xx_it.o
                0x0000000008000fb4                MemManage_Handler
 .text.BusFault_Handler
                0x0000000008000fba        0x6 ./Core/Src/stm32h7xx_it.o
                0x0000000008000fba                BusFault_Handler
 .text.UsageFault_Handler
                0x0000000008000fc0        0x6 ./Core/Src/stm32h7xx_it.o
                0x0000000008000fc0                UsageFault_Handler
 .text.SVC_Handler
                0x0000000008000fc6        0xe ./Core/Src/stm32h7xx_it.o
                0x0000000008000fc6                SVC_Handler
 .text.DebugMon_Handler
                0x0000000008000fd4        0xe ./Core/Src/stm32h7xx_it.o
                0x0000000008000fd4                DebugMon_Handler
 .text.PendSV_Handler
                0x0000000008000fe2        0xe ./Core/Src/stm32h7xx_it.o
                0x0000000008000fe2                PendSV_Handler
 .text.SysTick_Handler
                0x0000000008000ff0        0xc ./Core/Src/stm32h7xx_it.o
                0x0000000008000ff0                SysTick_Handler
 .text.RTC_Alarm_IRQHandler
                0x0000000008000ffc       0x14 ./Core/Src/stm32h7xx_it.o
                0x0000000008000ffc                RTC_Alarm_IRQHandler
 .text.SystemInit
                0x0000000008001010       0xf0 ./Core/Src/system_stm32h7xx.o
                0x0000000008001010                SystemInit
 .text.Reset_Handler
                0x0000000008001100       0x50 ./Core/Startup/startup_stm32h7a3zitxq.o
                0x0000000008001100                Reset_Handler
 .text.Default_Handler
                0x0000000008001150        0x2 ./Core/Startup/startup_stm32h7a3zitxq.o
                0x0000000008001150                EXTI2_IRQHandler
                0x0000000008001150                TIM8_CC_IRQHandler
                0x0000000008001150                UART8_IRQHandler
                0x0000000008001150                BDMA2_Channel1_IRQHandler
                0x0000000008001150                SPI4_IRQHandler
                0x0000000008001150                BDMA2_Channel0_IRQHandler
                0x0000000008001150                TIM1_CC_IRQHandler
                0x0000000008001150                DMA2_Stream5_IRQHandler
                0x0000000008001150                JPEG_IRQHandler
                0x0000000008001150                DMA1_Stream5_IRQHandler
                0x0000000008001150                EXTI3_IRQHandler
                0x0000000008001150                LPTIM4_IRQHandler
                0x0000000008001150                TIM8_TRG_COM_TIM14_IRQHandler
                0x0000000008001150                LPTIM2_IRQHandler
                0x0000000008001150                DFSDM1_FLT1_IRQHandler
                0x0000000008001150                DMAMUX2_OVR_IRQHandler
                0x0000000008001150                GFXMMU_IRQHandler
                0x0000000008001150                TIM8_UP_TIM13_IRQHandler
                0x0000000008001150                I2C3_ER_IRQHandler
                0x0000000008001150                DFSDM1_FLT2_IRQHandler
                0x0000000008001150                USART10_IRQHandler
                0x0000000008001150                MDMA_IRQHandler
                0x0000000008001150                LPTIM3_IRQHandler
                0x0000000008001150                BDMA2_Channel3_IRQHandler
                0x0000000008001150                HSEM1_IRQHandler
                0x0000000008001150                EXTI0_IRQHandler
                0x0000000008001150                I2C2_EV_IRQHandler
                0x0000000008001150                DAC2_IRQHandler
                0x0000000008001150                DMA1_Stream2_IRQHandler
                0x0000000008001150                FPU_IRQHandler
                0x0000000008001150                OTG_HS_WKUP_IRQHandler
                0x0000000008001150                FDCAN1_IT1_IRQHandler
                0x0000000008001150                LTDC_ER_IRQHandler
                0x0000000008001150                DMA2_Stream2_IRQHandler
                0x0000000008001150                SPI1_IRQHandler
                0x0000000008001150                OCTOSPI1_IRQHandler
                0x0000000008001150                TIM6_DAC_IRQHandler
                0x0000000008001150                BDMA2_Channel6_IRQHandler
                0x0000000008001150                DMA2_Stream3_IRQHandler
                0x0000000008001150                OCTOSPI2_IRQHandler
                0x0000000008001150                SAI2_IRQHandler
                0x0000000008001150                BDMA1_IRQHandler
                0x0000000008001150                DFSDM1_FLT3_IRQHandler
                0x0000000008001150                USART6_IRQHandler
                0x0000000008001150                TIM17_IRQHandler
                0x0000000008001150                USART3_IRQHandler
                0x0000000008001150                LPTIM5_IRQHandler
                0x0000000008001150                UART5_IRQHandler
                0x0000000008001150                DMA2_Stream0_IRQHandler
                0x0000000008001150                TIM4_IRQHandler
                0x0000000008001150                I2C1_EV_IRQHandler
                0x0000000008001150                DMA1_Stream6_IRQHandler
                0x0000000008001150                DMAMUX1_OVR_IRQHandler
                0x0000000008001150                DMA1_Stream1_IRQHandler
                0x0000000008001150                TIM16_IRQHandler
                0x0000000008001150                UART4_IRQHandler
                0x0000000008001150                TIM3_IRQHandler
                0x0000000008001150                RCC_IRQHandler
                0x0000000008001150                UART9_IRQHandler
                0x0000000008001150                TIM8_BRK_TIM12_IRQHandler
                0x0000000008001150                TIM1_TRG_COM_IRQHandler
                0x0000000008001150                Default_Handler
                0x0000000008001150                ECC_IRQHandler
                0x0000000008001150                BDMA2_Channel2_IRQHandler
                0x0000000008001150                CEC_IRQHandler
                0x0000000008001150                EXTI15_10_IRQHandler
                0x0000000008001150                DFSDM1_FLT4_IRQHandler
                0x0000000008001150                ADC_IRQHandler
                0x0000000008001150                DMA1_Stream7_IRQHandler
                0x0000000008001150                SPI5_IRQHandler
                0x0000000008001150                TIM7_IRQHandler
                0x0000000008001150                SDMMC1_IRQHandler
                0x0000000008001150                TIM5_IRQHandler
                0x0000000008001150                DMA2_Stream7_IRQHandler
                0x0000000008001150                TIM15_IRQHandler
                0x0000000008001150                I2C3_EV_IRQHandler
                0x0000000008001150                DFSDM2_IRQHandler
                0x0000000008001150                EXTI9_5_IRQHandler
                0x0000000008001150                RTC_WKUP_IRQHandler
                0x0000000008001150                LTDC_IRQHandler
                0x0000000008001150                SPDIF_RX_IRQHandler
                0x0000000008001150                PVD_PVM_IRQHandler
                0x0000000008001150                SPI2_IRQHandler
                0x0000000008001150                OTG_HS_EP1_IN_IRQHandler
                0x0000000008001150                DFSDM1_FLT5_IRQHandler
                0x0000000008001150                DMA1_Stream0_IRQHandler
                0x0000000008001150                CRS_IRQHandler
                0x0000000008001150                EXTI4_IRQHandler
                0x0000000008001150                DFSDM1_FLT6_IRQHandler
                0x0000000008001150                RNG_IRQHandler
                0x0000000008001150                FDCAN2_IT1_IRQHandler
                0x0000000008001150                COMP_IRQHandler
                0x0000000008001150                TIM1_UP_IRQHandler
                0x0000000008001150                OTG_HS_EP1_OUT_IRQHandler
                0x0000000008001150                WWDG_IRQHandler
                0x0000000008001150                SPI6_IRQHandler
                0x0000000008001150                MDIOS_IRQHandler
                0x0000000008001150                I2C4_EV_IRQHandler
                0x0000000008001150                FDCAN2_IT0_IRQHandler
                0x0000000008001150                LPUART1_IRQHandler
                0x0000000008001150                FDCAN1_IT0_IRQHandler
                0x0000000008001150                TIM2_IRQHandler
                0x0000000008001150                BDMA2_Channel5_IRQHandler
                0x0000000008001150                OTG_HS_IRQHandler
                0x0000000008001150                DMA2D_IRQHandler
                0x0000000008001150                TIM1_BRK_IRQHandler
                0x0000000008001150                EXTI1_IRQHandler
                0x0000000008001150                SDMMC2_IRQHandler
                0x0000000008001150                DTS_IRQHandler
                0x0000000008001150                UART7_IRQHandler
                0x0000000008001150                MDIOS_WKUP_IRQHandler
                0x0000000008001150                USART2_IRQHandler
                0x0000000008001150                DFSDM1_FLT0_IRQHandler
                0x0000000008001150                I2C2_ER_IRQHandler
                0x0000000008001150                DMA2_Stream1_IRQHandler
                0x0000000008001150                DFSDM1_FLT7_IRQHandler
                0x0000000008001150                FLASH_IRQHandler
                0x0000000008001150                DMA2_Stream4_IRQHandler
                0x0000000008001150                USART1_IRQHandler
                0x0000000008001150                SPI3_IRQHandler
                0x0000000008001150                WAKEUP_PIN_IRQHandler
                0x0000000008001150                DMA1_Stream4_IRQHandler
                0x0000000008001150                I2C1_ER_IRQHandler
                0x0000000008001150                FMC_IRQHandler
                0x0000000008001150                BDMA2_Channel7_IRQHandler
                0x0000000008001150                FDCAN_CAL_IRQHandler
                0x0000000008001150                SWPMI1_IRQHandler
                0x0000000008001150                LPTIM1_IRQHandler
                0x0000000008001150                DCMI_PSSI_IRQHandler
                0x0000000008001150                I2C4_ER_IRQHandler
                0x0000000008001150                DMA2_Stream6_IRQHandler
                0x0000000008001150                SAI1_IRQHandler
                0x0000000008001150                DMA1_Stream3_IRQHandler
                0x0000000008001150                RTC_TAMP_STAMP_CSS_LSE_IRQHandler
                0x0000000008001150                BDMA2_Channel4_IRQHandler
 *fill*         0x0000000008001152        0x2 
 .text.HAL_Init
                0x0000000008001154       0x78 ./Drivers/STM32H7xx_HAL_Driver/Src/stm32h7xx_hal.o
                0x0000000008001154                HAL_Init
 .text.HAL_InitTick
                0x00000000080011cc       0x6c ./Drivers/STM32H7xx_HAL_Driver/Src/stm32h7xx_hal.o
                0x00000000080011cc                HAL_InitTick
 .text.HAL_IncTick
                0x0000000008001238       0x28 ./Drivers/STM32H7xx_HAL_Driver/Src/stm32h7xx_hal.o
                0x0000000008001238                HAL_IncTick
 .text.HAL_GetTick
                0x0000000008001260       0x18 ./Drivers/STM32H7xx_HAL_Driver/Src/stm32h7xx_hal.o
                0x0000000008001260                HAL_GetTick
 .text.HAL_Delay
                0x0000000008001278       0x48 ./Drivers/STM32H7xx_HAL_Driver/Src/stm32h7xx_hal.o
                0x0000000008001278                HAL_Delay
 .text.LL_ADC_SetCommonClock
                0x00000000080012c0       0x26 ./Drivers/STM32H7xx_HAL_Driver/Src/stm32h7xx_hal_adc.o
 .text.LL_ADC_SetCommonPathInternalCh
                0x00000000080012e6       0x26 ./Drivers/STM32H7xx_HAL_Driver/Src/stm32h7xx_hal_adc.o
 .text.LL_ADC_GetCommonPathInternalCh
                0x000000000800130c       0x1c ./Drivers/STM32H7xx_HAL_Driver/Src/stm32h7xx_hal_adc.o
 .text.LL_ADC_SetOffset
                0x0000000008001328       0x40 ./Drivers/STM32H7xx_HAL_Driver/Src/stm32h7xx_hal_adc.o
 .text.LL_ADC_SetDataRightShift
                0x0000000008001368       0x32 ./Drivers/STM32H7xx_HAL_Driver/Src/stm32h7xx_hal_adc.o
 .text.LL_ADC_SetOffsetSignedSaturation
                0x000000000800139a       0x36 ./Drivers/STM32H7xx_HAL_Driver/Src/stm32h7xx_hal_adc.o
 .text.LL_ADC_REG_SetSequencerRanks
                0x00000000080013d0       0x58 ./Drivers/STM32H7xx_HAL_Driver/Src/stm32h7xx_hal_adc.o
 .text.LL_ADC_SetChannelSamplingTime
                0x0000000008001428       0x56 ./Drivers/STM32H7xx_HAL_Driver/Src/stm32h7xx_hal_adc.o
 *fill*         0x000000000800147e        0x2 
 .text.LL_ADC_SetChannelSingleDiff
                0x0000000008001480       0x48 ./Drivers/STM32H7xx_HAL_Driver/Src/stm32h7xx_hal_adc.o
 .text.LL_ADC_GetMultimode
                0x00000000080014c8       0x1c ./Drivers/STM32H7xx_HAL_Driver/Src/stm32h7xx_hal_adc.o
 .text.LL_ADC_DisableDeepPowerDown
                0x00000000080014e4       0x24 ./Drivers/STM32H7xx_HAL_Driver/Src/stm32h7xx_hal_adc.o
 .text.LL_ADC_IsDeepPowerDownEnabled
                0x0000000008001508       0x28 ./Drivers/STM32H7xx_HAL_Driver/Src/stm32h7xx_hal_adc.o
 .text.LL_ADC_EnableInternalRegulator
                0x0000000008001530       0x28 ./Drivers/STM32H7xx_HAL_Driver/Src/stm32h7xx_hal_adc.o
 .text.LL_ADC_IsInternalRegulatorEnabled
                0x0000000008001558       0x28 ./Drivers/STM32H7xx_HAL_Driver/Src/stm32h7xx_hal_adc.o
 .text.LL_ADC_Enable
                0x0000000008001580       0x28 ./Drivers/STM32H7xx_HAL_Driver/Src/stm32h7xx_hal_adc.o
 .text.LL_ADC_IsEnabled
                0x00000000080015a8       0x26 ./Drivers/STM32H7xx_HAL_Driver/Src/stm32h7xx_hal_adc.o
 *fill*         0x00000000080015ce        0x2 
 .text.LL_ADC_REG_StartConversion
                0x00000000080015d0       0x28 ./Drivers/STM32H7xx_HAL_Driver/Src/stm32h7xx_hal_adc.o
 .text.LL_ADC_REG_IsConversionOngoing
                0x00000000080015f8       0x26 ./Drivers/STM32H7xx_HAL_Driver/Src/stm32h7xx_hal_adc.o
 .text.LL_ADC_INJ_IsConversionOngoing
                0x000000000800161e       0x26 ./Drivers/STM32H7xx_HAL_Driver/Src/stm32h7xx_hal_adc.o
 .text.HAL_ADC_Init
                0x0000000008001644      0x2b4 ./Drivers/STM32H7xx_HAL_Driver/Src/stm32h7xx_hal_adc.o
                0x0000000008001644                HAL_ADC_Init
 .text.HAL_ADC_Start
                0x00000000080018f8      0x174 ./Drivers/STM32H7xx_HAL_Driver/Src/stm32h7xx_hal_adc.o
                0x00000000080018f8                HAL_ADC_Start
 .text.HAL_ADC_ConfigChannel
                0x0000000008001a6c      0x5cc ./Drivers/STM32H7xx_HAL_Driver/Src/stm32h7xx_hal_adc.o
                0x0000000008001a6c                HAL_ADC_ConfigChannel
 .text.ADC_Enable
                0x0000000008002038       0xf8 ./Drivers/STM32H7xx_HAL_Driver/Src/stm32h7xx_hal_adc.o
                0x0000000008002038                ADC_Enable
 .text.ADC_ConfigureBoostMode
                0x0000000008002130      0x198 ./Drivers/STM32H7xx_HAL_Driver/Src/stm32h7xx_hal_adc.o
                0x0000000008002130                ADC_ConfigureBoostMode
 .text.__NVIC_SetPriorityGrouping
                0x00000000080022c8       0x48 ./Drivers/STM32H7xx_HAL_Driver/Src/stm32h7xx_hal_cortex.o
 .text.__NVIC_GetPriorityGrouping
                0x0000000008002310       0x1c ./Drivers/STM32H7xx_HAL_Driver/Src/stm32h7xx_hal_cortex.o
 .text.__NVIC_EnableIRQ
                0x000000000800232c       0x3c ./Drivers/STM32H7xx_HAL_Driver/Src/stm32h7xx_hal_cortex.o
 .text.__NVIC_SetPriority
                0x0000000008002368       0x54 ./Drivers/STM32H7xx_HAL_Driver/Src/stm32h7xx_hal_cortex.o
 .text.NVIC_EncodePriority
                0x00000000080023bc       0x66 ./Drivers/STM32H7xx_HAL_Driver/Src/stm32h7xx_hal_cortex.o
 *fill*         0x0000000008002422        0x2 
 .text.SysTick_Config
                0x0000000008002424       0x44 ./Drivers/STM32H7xx_HAL_Driver/Src/stm32h7xx_hal_cortex.o
 .text.HAL_NVIC_SetPriorityGrouping
                0x0000000008002468       0x16 ./Drivers/STM32H7xx_HAL_Driver/Src/stm32h7xx_hal_cortex.o
                0x0000000008002468                HAL_NVIC_SetPriorityGrouping
 .text.HAL_NVIC_SetPriority
                0x000000000800247e       0x34 ./Drivers/STM32H7xx_HAL_Driver/Src/stm32h7xx_hal_cortex.o
                0x000000000800247e                HAL_NVIC_SetPriority
 .text.HAL_NVIC_EnableIRQ
                0x00000000080024b2       0x1c ./Drivers/STM32H7xx_HAL_Driver/Src/stm32h7xx_hal_cortex.o
                0x00000000080024b2                HAL_NVIC_EnableIRQ
 .text.HAL_SYSTICK_Config
                0x00000000080024ce       0x18 ./Drivers/STM32H7xx_HAL_Driver/Src/stm32h7xx_hal_cortex.o
                0x00000000080024ce                HAL_SYSTICK_Config
 *fill*         0x00000000080024e6        0x2 
 .text.HAL_GPIO_Init
                0x00000000080024e8      0x360 ./Drivers/STM32H7xx_HAL_Driver/Src/stm32h7xx_hal_gpio.o
                0x00000000080024e8                HAL_GPIO_Init
 .text.HAL_GPIO_WritePin
                0x0000000008002848       0x32 ./Drivers/STM32H7xx_HAL_Driver/Src/stm32h7xx_hal_gpio.o
                0x0000000008002848                HAL_GPIO_WritePin
 .text.HAL_IWDG_Init
                0x000000000800287a       0x9e ./Drivers/STM32H7xx_HAL_Driver/Src/stm32h7xx_hal_iwdg.o
                0x000000000800287a                HAL_IWDG_Init
 .text.HAL_IWDG_Refresh
                0x0000000008002918       0x20 ./Drivers/STM32H7xx_HAL_Driver/Src/stm32h7xx_hal_iwdg.o
                0x0000000008002918                HAL_IWDG_Refresh
 .text.HAL_PWR_EnableBkUpAccess
                0x0000000008002938       0x20 ./Drivers/STM32H7xx_HAL_Driver/Src/stm32h7xx_hal_pwr.o
                0x0000000008002938                HAL_PWR_EnableBkUpAccess
 .text.HAL_PWREx_ConfigSupply
                0x0000000008002958       0xb4 ./Drivers/STM32H7xx_HAL_Driver/Src/stm32h7xx_hal_pwr_ex.o
                0x0000000008002958                HAL_PWREx_ConfigSupply
 .text.HAL_RCC_OscConfig
                0x0000000008002a0c      0x808 ./Drivers/STM32H7xx_HAL_Driver/Src/stm32h7xx_hal_rcc.o
                0x0000000008002a0c                HAL_RCC_OscConfig
 .text.HAL_RCC_ClockConfig
                0x0000000008003214      0x36c ./Drivers/STM32H7xx_HAL_Driver/Src/stm32h7xx_hal_rcc.o
                0x0000000008003214                HAL_RCC_ClockConfig
 .text.HAL_RCC_GetSysClockFreq
                0x0000000008003580      0x2f4 ./Drivers/STM32H7xx_HAL_Driver/Src/stm32h7xx_hal_rcc.o
                0x0000000008003580                HAL_RCC_GetSysClockFreq
 .text.HAL_RCC_GetHCLKFreq
                0x0000000008003874       0x60 ./Drivers/STM32H7xx_HAL_Driver/Src/stm32h7xx_hal_rcc.o
                0x0000000008003874                HAL_RCC_GetHCLKFreq
 .text.HAL_RCC_GetPCLK1Freq
                0x00000000080038d4       0x2c ./Drivers/STM32H7xx_HAL_Driver/Src/stm32h7xx_hal_rcc.o
                0x00000000080038d4                HAL_RCC_GetPCLK1Freq
 .text.HAL_RCC_GetPCLK2Freq
                0x0000000008003900       0x2c ./Drivers/STM32H7xx_HAL_Driver/Src/stm32h7xx_hal_rcc.o
                0x0000000008003900                HAL_RCC_GetPCLK2Freq
 .text.HAL_RCCEx_PeriphCLKConfig
                0x000000000800392c      0xe18 ./Drivers/STM32H7xx_HAL_Driver/Src/stm32h7xx_hal_rcc_ex.o
                0x000000000800392c                HAL_RCCEx_PeriphCLKConfig
 .text.HAL_RCCEx_GetPeriphCLKFreq
                0x0000000008004744      0x854 ./Drivers/STM32H7xx_HAL_Driver/Src/stm32h7xx_hal_rcc_ex.o
                0x0000000008004744                HAL_RCCEx_GetPeriphCLKFreq
 .text.HAL_RCCEx_GetD3PCLK1Freq
                0x0000000008004f98       0x2c ./Drivers/STM32H7xx_HAL_Driver/Src/stm32h7xx_hal_rcc_ex.o
                0x0000000008004f98                HAL_RCCEx_GetD3PCLK1Freq
 .text.HAL_RCCEx_GetPLL2ClockFreq
                0x0000000008004fc4      0x2a8 ./Drivers/STM32H7xx_HAL_Driver/Src/stm32h7xx_hal_rcc_ex.o
                0x0000000008004fc4                HAL_RCCEx_GetPLL2ClockFreq
 .text.HAL_RCCEx_GetPLL3ClockFreq
                0x000000000800526c      0x2a8 ./Drivers/STM32H7xx_HAL_Driver/Src/stm32h7xx_hal_rcc_ex.o
                0x000000000800526c                HAL_RCCEx_GetPLL3ClockFreq
 .text.HAL_RCCEx_GetPLL1ClockFreq
                0x0000000008005514      0x2a4 ./Drivers/STM32H7xx_HAL_Driver/Src/stm32h7xx_hal_rcc_ex.o
                0x0000000008005514                HAL_RCCEx_GetPLL1ClockFreq
 .text.RCCEx_PLL2_Config
                0x00000000080057b8      0x164 ./Drivers/STM32H7xx_HAL_Driver/Src/stm32h7xx_hal_rcc_ex.o
 .text.RCCEx_PLL3_Config
                0x000000000800591c      0x164 ./Drivers/STM32H7xx_HAL_Driver/Src/stm32h7xx_hal_rcc_ex.o
 .text.HAL_RNG_Init
                0x0000000008005a80      0x14c ./Drivers/STM32H7xx_HAL_Driver/Src/stm32h7xx_hal_rng.o
                0x0000000008005a80                HAL_RNG_Init
 .text.HAL_RTC_Init
                0x0000000008005bcc       0xf8 ./Drivers/STM32H7xx_HAL_Driver/Src/stm32h7xx_hal_rtc.o
                0x0000000008005bcc                HAL_RTC_Init
 .text.HAL_RTC_SetTime
                0x0000000008005cc4      0x13c ./Drivers/STM32H7xx_HAL_Driver/Src/stm32h7xx_hal_rtc.o
                0x0000000008005cc4                HAL_RTC_SetTime
 .text.HAL_RTC_SetDate
                0x0000000008005e00      0x110 ./Drivers/STM32H7xx_HAL_Driver/Src/stm32h7xx_hal_rtc.o
                0x0000000008005e00                HAL_RTC_SetDate
 .text.HAL_RTC_SetAlarm_IT
                0x0000000008005f10      0x278 ./Drivers/STM32H7xx_HAL_Driver/Src/stm32h7xx_hal_rtc.o
                0x0000000008005f10                HAL_RTC_SetAlarm_IT
 .text.HAL_RTC_AlarmIRQHandler
                0x0000000008006188       0x5c ./Drivers/STM32H7xx_HAL_Driver/Src/stm32h7xx_hal_rtc.o
                0x0000000008006188                HAL_RTC_AlarmIRQHandler
 .text.HAL_RTC_WaitForSynchro
                0x00000000080061e4       0x4c ./Drivers/STM32H7xx_HAL_Driver/Src/stm32h7xx_hal_rtc.o
                0x00000000080061e4                HAL_RTC_WaitForSynchro
 .text.RTC_EnterInitMode
                0x0000000008006230       0x6c ./Drivers/STM32H7xx_HAL_Driver/Src/stm32h7xx_hal_rtc.o
                0x0000000008006230                RTC_EnterInitMode
 .text.RTC_ExitInitMode
                0x000000000800629c       0x7c ./Drivers/STM32H7xx_HAL_Driver/Src/stm32h7xx_hal_rtc.o
                0x000000000800629c                RTC_ExitInitMode
 .text.RTC_ByteToBcd2
                0x0000000008006318       0x40 ./Drivers/STM32H7xx_HAL_Driver/Src/stm32h7xx_hal_rtc.o
                0x0000000008006318                RTC_ByteToBcd2
 .text.HAL_RTCEx_AlarmBEventCallback
                0x0000000008006358       0x14 ./Drivers/STM32H7xx_HAL_Driver/Src/stm32h7xx_hal_rtc_ex.o
                0x0000000008006358                HAL_RTCEx_AlarmBEventCallback
 .text.HAL_UART_Init
                0x000000000800636c       0xa0 ./Drivers/STM32H7xx_HAL_Driver/Src/stm32h7xx_hal_uart.o
                0x000000000800636c                HAL_UART_Init
 .text.HAL_UART_Transmit
                0x000000000800640c      0x12c ./Drivers/STM32H7xx_HAL_Driver/Src/stm32h7xx_hal_uart.o
                0x000000000800640c                HAL_UART_Transmit
 .text.UART_SetConfig
                0x0000000008006538      0xcbc ./Drivers/STM32H7xx_HAL_Driver/Src/stm32h7xx_hal_uart.o
                0x0000000008006538                UART_SetConfig
 .text.UART_AdvFeatureConfig
                0x00000000080071f4      0x144 ./Drivers/STM32H7xx_HAL_Driver/Src/stm32h7xx_hal_uart.o
                0x00000000080071f4                UART_AdvFeatureConfig
 .text.UART_CheckIdleState
                0x0000000008007338       0x96 ./Drivers/STM32H7xx_HAL_Driver/Src/stm32h7xx_hal_uart.o
                0x0000000008007338                UART_CheckIdleState
 .text.UART_WaitOnFlagUntilTimeout
                0x00000000080073ce      0x190 ./Drivers/STM32H7xx_HAL_Driver/Src/stm32h7xx_hal_uart.o
                0x00000000080073ce                UART_WaitOnFlagUntilTimeout
 .text.HAL_UARTEx_DisableFifoMode
                0x000000000800755e       0x72 ./Drivers/STM32H7xx_HAL_Driver/Src/stm32h7xx_hal_uart_ex.o
                0x000000000800755e                HAL_UARTEx_DisableFifoMode
 .text.HAL_UARTEx_SetTxFifoThreshold
                0x00000000080075d0       0x7c ./Drivers/STM32H7xx_HAL_Driver/Src/stm32h7xx_hal_uart_ex.o
                0x00000000080075d0                HAL_UARTEx_SetTxFifoThreshold
 .text.HAL_UARTEx_SetRxFifoThreshold
                0x000000000800764c       0x7c ./Drivers/STM32H7xx_HAL_Driver/Src/stm32h7xx_hal_uart_ex.o
                0x000000000800764c                HAL_UARTEx_SetRxFifoThreshold
 .text.UARTEx_SetNbDataToProcess
                0x00000000080076c8       0x9c ./Drivers/STM32H7xx_HAL_Driver/Src/stm32h7xx_hal_uart_ex.o
 .text.__libc_init_array
                0x0000000008007764       0x48 c:/st/stm32cubeide_1.7.0/stm32cubeide/plugins/com.st.stm32cube.ide.mcu.externaltools.gnu-tools-for-stm32.9-2020-q2-update.win32_2.0.0.202105311346/tools/bin/../lib/gcc/arm-none-eabi/9.3.1/../../../../arm-none-eabi/lib/thumb/v7e-m+dp/hard\libc_nano.a(lib_a-init.o)
                0x0000000008007764                __libc_init_array
 .text.memset   0x00000000080077ac       0x10 c:/st/stm32cubeide_1.7.0/stm32cubeide/plugins/com.st.stm32cube.ide.mcu.externaltools.gnu-tools-for-stm32.9-2020-q2-update.win32_2.0.0.202105311346/tools/bin/../lib/gcc/arm-none-eabi/9.3.1/../../../../arm-none-eabi/lib/thumb/v7e-m+dp/hard\libc_nano.a(lib_a-memset.o)
                0x00000000080077ac                memset
 *(.glue_7)
 .glue_7        0x00000000080077bc        0x0 linker stubs
 *(.glue_7t)
 .glue_7t       0x00000000080077bc        0x0 linker stubs
 *(.eh_frame)
 .eh_frame      0x00000000080077bc        0x0 c:/st/stm32cubeide_1.7.0/stm32cubeide/plugins/com.st.stm32cube.ide.mcu.externaltools.gnu-tools-for-stm32.9-2020-q2-update.win32_2.0.0.202105311346/tools/bin/../lib/gcc/arm-none-eabi/9.3.1/thumb/v7e-m+dp/hard/crtbegin.o
 *(.init)
 .init          0x00000000080077bc        0x4 c:/st/stm32cubeide_1.7.0/stm32cubeide/plugins/com.st.stm32cube.ide.mcu.externaltools.gnu-tools-for-stm32.9-2020-q2-update.win32_2.0.0.202105311346/tools/bin/../lib/gcc/arm-none-eabi/9.3.1/thumb/v7e-m+dp/hard/crti.o
                0x00000000080077bc                _init
 .init          0x00000000080077c0        0x8 c:/st/stm32cubeide_1.7.0/stm32cubeide/plugins/com.st.stm32cube.ide.mcu.externaltools.gnu-tools-for-stm32.9-2020-q2-update.win32_2.0.0.202105311346/tools/bin/../lib/gcc/arm-none-eabi/9.3.1/thumb/v7e-m+dp/hard/crtn.o
 *(.fini)
 .fini          0x00000000080077c8        0x4 c:/st/stm32cubeide_1.7.0/stm32cubeide/plugins/com.st.stm32cube.ide.mcu.externaltools.gnu-tools-for-stm32.9-2020-q2-update.win32_2.0.0.202105311346/tools/bin/../lib/gcc/arm-none-eabi/9.3.1/thumb/v7e-m+dp/hard/crti.o
                0x00000000080077c8                _fini
 .fini          0x00000000080077cc        0x8 c:/st/stm32cubeide_1.7.0/stm32cubeide/plugins/com.st.stm32cube.ide.mcu.externaltools.gnu-tools-for-stm32.9-2020-q2-update.win32_2.0.0.202105311346/tools/bin/../lib/gcc/arm-none-eabi/9.3.1/thumb/v7e-m+dp/hard/crtn.o
                0x00000000080077d4                . = ALIGN (0x4)
                0x00000000080077d4                _etext = .

.vfp11_veneer   0x00000000080077d4        0x0
 .vfp11_veneer  0x00000000080077d4        0x0 linker stubs

.v4_bx          0x00000000080077d4        0x0
 .v4_bx         0x00000000080077d4        0x0 linker stubs

.iplt           0x00000000080077d4        0x0
 .iplt          0x00000000080077d4        0x0 c:/st/stm32cubeide_1.7.0/stm32cubeide/plugins/com.st.stm32cube.ide.mcu.externaltools.gnu-tools-for-stm32.9-2020-q2-update.win32_2.0.0.202105311346/tools/bin/../lib/gcc/arm-none-eabi/9.3.1/thumb/v7e-m+dp/hard/crtbegin.o

.rodata         0x00000000080077d4       0x94
                0x00000000080077d4                . = ALIGN (0x4)
 *(.rodata)
 .rodata        0x00000000080077d4       0x59 ./Core/Src/main.o
 *(.rodata*)
 *fill*         0x000000000800782d        0x3 
 .rodata.D1CorePrescTable
                0x0000000008007830       0x10 ./Core/Src/system_stm32h7xx.o
                0x0000000008007830                D1CorePrescTable
 .rodata.UARTPrescTable
                0x0000000008007840       0x18 ./Drivers/STM32H7xx_HAL_Driver/Src/stm32h7xx_hal_uart.o
                0x0000000008007840                UARTPrescTable
 .rodata.numerator.11579
                0x0000000008007858        0x8 ./Drivers/STM32H7xx_HAL_Driver/Src/stm32h7xx_hal_uart_ex.o
 .rodata.denominator.11580
                0x0000000008007860        0x8 ./Drivers/STM32H7xx_HAL_Driver/Src/stm32h7xx_hal_uart_ex.o
                0x0000000008007868                . = ALIGN (0x4)

.ARM.extab
 *(.ARM.extab* .gnu.linkonce.armextab.*)

.ARM            0x0000000008007868        0x8
                0x0000000008007868                __exidx_start = .
 *(.ARM.exidx*)
 .ARM.exidx     0x0000000008007868        0x8 c:/st/stm32cubeide_1.7.0/stm32cubeide/plugins/com.st.stm32cube.ide.mcu.externaltools.gnu-tools-for-stm32.9-2020-q2-update.win32_2.0.0.202105311346/tools/bin/../lib/gcc/arm-none-eabi/9.3.1/thumb/v7e-m+dp/hard\libgcc.a(_udivmoddi4.o)
                0x0000000008007870                __exidx_end = .

.rel.dyn        0x0000000008007870        0x0
 .rel.iplt      0x0000000008007870        0x0 c:/st/stm32cubeide_1.7.0/stm32cubeide/plugins/com.st.stm32cube.ide.mcu.externaltools.gnu-tools-for-stm32.9-2020-q2-update.win32_2.0.0.202105311346/tools/bin/../lib/gcc/arm-none-eabi/9.3.1/thumb/v7e-m+dp/hard/crtbegin.o

.preinit_array  0x0000000008007870        0x0
                0x0000000008007870                PROVIDE (__preinit_array_start = .)
 *(.preinit_array*)
                0x0000000008007870                PROVIDE (__preinit_array_end = .)

.init_array     0x0000000008007870        0x4
                0x0000000008007870                PROVIDE (__init_array_start = .)
 *(SORT_BY_NAME(.init_array.*))
 *(.init_array*)
 .init_array    0x0000000008007870        0x4 c:/st/stm32cubeide_1.7.0/stm32cubeide/plugins/com.st.stm32cube.ide.mcu.externaltools.gnu-tools-for-stm32.9-2020-q2-update.win32_2.0.0.202105311346/tools/bin/../lib/gcc/arm-none-eabi/9.3.1/thumb/v7e-m+dp/hard/crtbegin.o
                0x0000000008007874                PROVIDE (__init_array_end = .)

.fini_array     0x0000000008007874        0x4
                [!provide]                        PROVIDE (__fini_array_start = .)
 *(SORT_BY_NAME(.fini_array.*))
 *(.fini_array*)
 .fini_array    0x0000000008007874        0x4 c:/st/stm32cubeide_1.7.0/stm32cubeide/plugins/com.st.stm32cube.ide.mcu.externaltools.gnu-tools-for-stm32.9-2020-q2-update.win32_2.0.0.202105311346/tools/bin/../lib/gcc/arm-none-eabi/9.3.1/thumb/v7e-m+dp/hard/crtbegin.o
                [!provide]                        PROVIDE (__fini_array_end = .)
                0x0000000008007878                _sidata = LOADADDR (.data)

.data           0x0000000024000000       0x24 load address 0x0000000008007878
                0x0000000024000000                . = ALIGN (0x4)
                0x0000000024000000                _sdata = .
 *(.data)
 *(.data*)
 .data.alarmMsg
                0x0000000024000000       0x13 ./Core/Src/main.o
                0x0000000024000000                alarmMsg
 *fill*         0x0000000024000013        0x1 
 .data.SystemCoreClock
                0x0000000024000014        0x4 ./Core/Src/system_stm32h7xx.o
                0x0000000024000014                SystemCoreClock
 .data.SystemD2Clock
                0x0000000024000018        0x4 ./Core/Src/system_stm32h7xx.o
                0x0000000024000018                SystemD2Clock
 .data.uwTickPrio
                0x000000002400001c        0x4 ./Drivers/STM32H7xx_HAL_Driver/Src/stm32h7xx_hal.o
                0x000000002400001c                uwTickPrio
 .data.uwTickFreq
                0x0000000024000020        0x1 ./Drivers/STM32H7xx_HAL_Driver/Src/stm32h7xx_hal.o
                0x0000000024000020                uwTickFreq
 *(.RamFunc)
 *(.RamFunc*)
                0x0000000024000024                . = ALIGN (0x4)
 *fill*         0x0000000024000021        0x3 
                0x0000000024000024                _edata = .

.igot.plt       0x0000000024000024        0x0 load address 0x000000000800789c
 .igot.plt      0x0000000024000024        0x0 c:/st/stm32cubeide_1.7.0/stm32cubeide/plugins/com.st.stm32cube.ide.mcu.externaltools.gnu-tools-for-stm32.9-2020-q2-update.win32_2.0.0.202105311346/tools/bin/../lib/gcc/arm-none-eabi/9.3.1/thumb/v7e-m+dp/hard/crtbegin.o
                0x0000000024000024                . = ALIGN (0x4)

.bss            0x0000000024000024     0x11c4 load address 0x000000000800789c
                0x0000000024000024                _sbss = .
                0x0000000024000024                __bss_start__ = _sbss
 *(.bss)
 .bss           0x0000000024000024       0x1c c:/st/stm32cubeide_1.7.0/stm32cubeide/plugins/com.st.stm32cube.ide.mcu.externaltools.gnu-tools-for-stm32.9-2020-q2-update.win32_2.0.0.202105311346/tools/bin/../lib/gcc/arm-none-eabi/9.3.1/thumb/v7e-m+dp/hard/crtbegin.o
 *(.bss*)
 .bss.buffer_tfs
                0x0000000024000040     0x1000 ./Core/Src/main.o
                0x0000000024000040                buffer_tfs
 *(COMMON)
 COMMON         0x0000000024001040      0x1a4 ./Core/Src/main.o
                0x0000000024001040                hiwdg1
                0x0000000024001050                Alarm
                0x0000000024001078                huart3
                0x0000000024001108                hadc2
                0x000000002400116c                tFahrenheit
                0x0000000024001170                tCelsius
                0x0000000024001174                setDate
                0x0000000024001178                Date
                0x000000002400117c                setTime
                0x0000000024001190                random32bit_generatedNumber
                0x0000000024001194                hrtc
                0x00000000240011bc                hrng
                0x00000000240011d0                Time
 COMMON         0x00000000240011e4        0x4 ./Drivers/STM32H7xx_HAL_Driver/Src/stm32h7xx_hal.o
                0x00000000240011e4                uwTick
                0x00000000240011e8                . = ALIGN (0x4)
                0x00000000240011e8                _ebss = .
                0x00000000240011e8                __bss_end__ = _ebss

._user_heap_stack
                0x00000000240011e8      0x600 load address 0x000000000800789c
                0x00000000240011e8                . = ALIGN (0x8)
                [!provide]                        PROVIDE (end = .)
                0x00000000240011e8                PROVIDE (_end = .)
                0x00000000240013e8                . = (. + _Min_Heap_Size)
 *fill*         0x00000000240011e8      0x200 
                0x00000000240017e8                . = (. + _Min_Stack_Size)
 *fill*         0x00000000240013e8      0x400 
                0x00000000240017e8                . = ALIGN (0x8)

/DISCARD/
 libc.a(*)
 libm.a(*)
 libgcc.a(*)

.ARM.attributes
                0x0000000000000000       0x2e
 *(.ARM.attributes)
 .ARM.attributes
                0x0000000000000000       0x1e c:/st/stm32cubeide_1.7.0/stm32cubeide/plugins/com.st.stm32cube.ide.mcu.externaltools.gnu-tools-for-stm32.9-2020-q2-update.win32_2.0.0.202105311346/tools/bin/../lib/gcc/arm-none-eabi/9.3.1/thumb/v7e-m+dp/hard/crti.o
 .ARM.attributes
                0x000000000000001e       0x32 c:/st/stm32cubeide_1.7.0/stm32cubeide/plugins/com.st.stm32cube.ide.mcu.externaltools.gnu-tools-for-stm32.9-2020-q2-update.win32_2.0.0.202105311346/tools/bin/../lib/gcc/arm-none-eabi/9.3.1/thumb/v7e-m+dp/hard/crtbegin.o
 .ARM.attributes
                0x0000000000000050       0x32 ./Core/Src/main.o
 .ARM.attributes
                0x0000000000000082       0x32 ./Core/Src/stm32h7xx_hal_msp.o
 .ARM.attributes
                0x00000000000000b4       0x32 ./Core/Src/stm32h7xx_it.o
 .ARM.attributes
                0x00000000000000e6       0x32 ./Core/Src/system_stm32h7xx.o
 .ARM.attributes
                0x0000000000000118       0x21 ./Core/Startup/startup_stm32h7a3zitxq.o
 .ARM.attributes
                0x0000000000000139       0x32 ./Drivers/STM32H7xx_HAL_Driver/Src/stm32h7xx_hal.o
 .ARM.attributes
                0x000000000000016b       0x32 ./Drivers/STM32H7xx_HAL_Driver/Src/stm32h7xx_hal_adc.o
 .ARM.attributes
                0x000000000000019d       0x32 ./Drivers/STM32H7xx_HAL_Driver/Src/stm32h7xx_hal_cortex.o
 .ARM.attributes
                0x00000000000001cf       0x32 ./Drivers/STM32H7xx_HAL_Driver/Src/stm32h7xx_hal_gpio.o
 .ARM.attributes
                0x0000000000000201       0x32 ./Drivers/STM32H7xx_HAL_Driver/Src/stm32h7xx_hal_iwdg.o
 .ARM.attributes
                0x0000000000000233       0x32 ./Drivers/STM32H7xx_HAL_Driver/Src/stm32h7xx_hal_pwr.o
 .ARM.attributes
                0x0000000000000265       0x32 ./Drivers/STM32H7xx_HAL_Driver/Src/stm32h7xx_hal_pwr_ex.o
 .ARM.attributes
                0x0000000000000297       0x32 ./Drivers/STM32H7xx_HAL_Driver/Src/stm32h7xx_hal_rcc.o
 .ARM.attributes
                0x00000000000002c9       0x32 ./Drivers/STM32H7xx_HAL_Driver/Src/stm32h7xx_hal_rcc_ex.o
 .ARM.attributes
                0x00000000000002fb       0x32 ./Drivers/STM32H7xx_HAL_Driver/Src/stm32h7xx_hal_rng.o
 .ARM.attributes
                0x000000000000032d       0x32 ./Drivers/STM32H7xx_HAL_Driver/Src/stm32h7xx_hal_rtc.o
 .ARM.attributes
                0x000000000000035f       0x32 ./Drivers/STM32H7xx_HAL_Driver/Src/stm32h7xx_hal_rtc_ex.o
 .ARM.attributes
                0x0000000000000391       0x32 ./Drivers/STM32H7xx_HAL_Driver/Src/stm32h7xx_hal_uart.o
 .ARM.attributes
                0x00000000000003c3       0x32 ./Drivers/STM32H7xx_HAL_Driver/Src/stm32h7xx_hal_uart_ex.o
 .ARM.attributes
                0x00000000000003f5       0x32 c:/st/stm32cubeide_1.7.0/stm32cubeide/plugins/com.st.stm32cube.ide.mcu.externaltools.gnu-tools-for-stm32.9-2020-q2-update.win32_2.0.0.202105311346/tools/bin/../lib/gcc/arm-none-eabi/9.3.1/../../../../arm-none-eabi/lib/thumb/v7e-m+dp/hard\libc_nano.a(lib_a-init.o)
 .ARM.attributes
                0x0000000000000427       0x32 c:/st/stm32cubeide_1.7.0/stm32cubeide/plugins/com.st.stm32cube.ide.mcu.externaltools.gnu-tools-for-stm32.9-2020-q2-update.win32_2.0.0.202105311346/tools/bin/../lib/gcc/arm-none-eabi/9.3.1/../../../../arm-none-eabi/lib/thumb/v7e-m+dp/hard\libc_nano.a(lib_a-memset.o)
 .ARM.attributes
                0x0000000000000459       0x17 c:/st/stm32cubeide_1.7.0/stm32cubeide/plugins/com.st.stm32cube.ide.mcu.externaltools.gnu-tools-for-stm32.9-2020-q2-update.win32_2.0.0.202105311346/tools/bin/../lib/gcc/arm-none-eabi/9.3.1/../../../../arm-none-eabi/lib/thumb/v7e-m+dp/hard\libc_nano.a(lib_a-strlen.o)
 .ARM.attributes
                0x0000000000000470       0x1e c:/st/stm32cubeide_1.7.0/stm32cubeide/plugins/com.st.stm32cube.ide.mcu.externaltools.gnu-tools-for-stm32.9-2020-q2-update.win32_2.0.0.202105311346/tools/bin/../lib/gcc/arm-none-eabi/9.3.1/thumb/v7e-m+dp/hard\libgcc.a(_aeabi_uldivmod.o)
 .ARM.attributes
                0x000000000000048e       0x32 c:/st/stm32cubeide_1.7.0/stm32cubeide/plugins/com.st.stm32cube.ide.mcu.externaltools.gnu-tools-for-stm32.9-2020-q2-update.win32_2.0.0.202105311346/tools/bin/../lib/gcc/arm-none-eabi/9.3.1/thumb/v7e-m+dp/hard\libgcc.a(_udivmoddi4.o)
 .ARM.attributes
                0x00000000000004c0       0x1e c:/st/stm32cubeide_1.7.0/stm32cubeide/plugins/com.st.stm32cube.ide.mcu.externaltools.gnu-tools-for-stm32.9-2020-q2-update.win32_2.0.0.202105311346/tools/bin/../lib/gcc/arm-none-eabi/9.3.1/thumb/v7e-m+dp/hard\libgcc.a(_dvmd_tls.o)
 .ARM.attributes
                0x00000000000004de       0x1e c:/st/stm32cubeide_1.7.0/stm32cubeide/plugins/com.st.stm32cube.ide.mcu.externaltools.gnu-tools-for-stm32.9-2020-q2-update.win32_2.0.0.202105311346/tools/bin/../lib/gcc/arm-none-eabi/9.3.1/thumb/v7e-m+dp/hard/crtn.o
OUTPUT(CubeMX_Workspace_temperature.elf elf32-littlearm)
LOAD linker stubs
LOAD c:/st/stm32cubeide_1.7.0/stm32cubeide/plugins/com.st.stm32cube.ide.mcu.externaltools.gnu-tools-for-stm32.9-2020-q2-update.win32_2.0.0.202105311346/tools/bin/../lib/gcc/arm-none-eabi/9.3.1/../../../../arm-none-eabi/lib/thumb/v7e-m+dp/hard\libc.a
LOAD c:/st/stm32cubeide_1.7.0/stm32cubeide/plugins/com.st.stm32cube.ide.mcu.externaltools.gnu-tools-for-stm32.9-2020-q2-update.win32_2.0.0.202105311346/tools/bin/../lib/gcc/arm-none-eabi/9.3.1/../../../../arm-none-eabi/lib/thumb/v7e-m+dp/hard\libm.a
LOAD c:/st/stm32cubeide_1.7.0/stm32cubeide/plugins/com.st.stm32cube.ide.mcu.externaltools.gnu-tools-for-stm32.9-2020-q2-update.win32_2.0.0.202105311346/tools/bin/../lib/gcc/arm-none-eabi/9.3.1/thumb/v7e-m+dp/hard\libgcc.a

.debug_info     0x0000000000000000    0x221f7
 .debug_info    0x0000000000000000     0x2aa3 ./Core/Src/main.o
 .debug_info    0x0000000000002aa3     0x2760 ./Core/Src/stm32h7xx_hal_msp.o
 .debug_info    0x0000000000005203      0xebd ./Core/Src/stm32h7xx_it.o
 .debug_info    0x00000000000060c0     0x170a ./Core/Src/system_stm32h7xx.o
 .debug_info    0x00000000000077ca       0x22 ./Core/Startup/startup_stm32h7a3zitxq.o
 .debug_info    0x00000000000077ec     0x1e3c ./Drivers/STM32H7xx_HAL_Driver/Src/stm32h7xx_hal.o
 .debug_info    0x0000000000009628     0x2878 ./Drivers/STM32H7xx_HAL_Driver/Src/stm32h7xx_hal_adc.o
 .debug_info    0x000000000000bea0     0x1bf5 ./Drivers/STM32H7xx_HAL_Driver/Src/stm32h7xx_hal_cortex.o
 .debug_info    0x000000000000da95     0x16a5 ./Drivers/STM32H7xx_HAL_Driver/Src/stm32h7xx_hal_gpio.o
 .debug_info    0x000000000000f13a      0xce7 ./Drivers/STM32H7xx_HAL_Driver/Src/stm32h7xx_hal_iwdg.o
 .debug_info    0x000000000000fe21     0x141f ./Drivers/STM32H7xx_HAL_Driver/Src/stm32h7xx_hal_pwr.o
 .debug_info    0x0000000000011240     0x1a62 ./Drivers/STM32H7xx_HAL_Driver/Src/stm32h7xx_hal_pwr_ex.o
 .debug_info    0x0000000000012ca2     0x19a3 ./Drivers/STM32H7xx_HAL_Driver/Src/stm32h7xx_hal_rcc.o
 .debug_info    0x0000000000014645     0x1cf0 ./Drivers/STM32H7xx_HAL_Driver/Src/stm32h7xx_hal_rcc_ex.o
 .debug_info    0x0000000000016335      0xfb0 ./Drivers/STM32H7xx_HAL_Driver/Src/stm32h7xx_hal_rng.o
 .debug_info    0x00000000000172e5     0x1b79 ./Drivers/STM32H7xx_HAL_Driver/Src/stm32h7xx_hal_rtc.o
 .debug_info    0x0000000000018e5e     0x243e ./Drivers/STM32H7xx_HAL_Driver/Src/stm32h7xx_hal_rtc_ex.o
 .debug_info    0x000000000001b29c     0x55b2 ./Drivers/STM32H7xx_HAL_Driver/Src/stm32h7xx_hal_uart.o
 .debug_info    0x000000000002084e     0x19a9 ./Drivers/STM32H7xx_HAL_Driver/Src/stm32h7xx_hal_uart_ex.o

.debug_abbrev   0x0000000000000000     0x3548
 .debug_abbrev  0x0000000000000000      0x387 ./Core/Src/main.o
 .debug_abbrev  0x0000000000000387      0x2c1 ./Core/Src/stm32h7xx_hal_msp.o
 .debug_abbrev  0x0000000000000648      0x1fe ./Core/Src/stm32h7xx_it.o
 .debug_abbrev  0x0000000000000846      0x262 ./Core/Src/system_stm32h7xx.o
 .debug_abbrev  0x0000000000000aa8       0x12 ./Core/Startup/startup_stm32h7a3zitxq.o
 .debug_abbrev  0x0000000000000aba      0x31b ./Drivers/STM32H7xx_HAL_Driver/Src/stm32h7xx_hal.o
 .debug_abbrev  0x0000000000000dd5      0x31b ./Drivers/STM32H7xx_HAL_Driver/Src/stm32h7xx_hal_adc.o
 .debug_abbrev  0x00000000000010f0      0x409 ./Drivers/STM32H7xx_HAL_Driver/Src/stm32h7xx_hal_cortex.o
 .debug_abbrev  0x00000000000014f9      0x2cb ./Drivers/STM32H7xx_HAL_Driver/Src/stm32h7xx_hal_gpio.o
 .debug_abbrev  0x00000000000017c4      0x237 ./Drivers/STM32H7xx_HAL_Driver/Src/stm32h7xx_hal_iwdg.o
 .debug_abbrev  0x00000000000019fb      0x287 ./Drivers/STM32H7xx_HAL_Driver/Src/stm32h7xx_hal_pwr.o
 .debug_abbrev  0x0000000000001c82      0x33f ./Drivers/STM32H7xx_HAL_Driver/Src/stm32h7xx_hal_pwr_ex.o
 .debug_abbrev  0x0000000000001fc1      0x322 ./Drivers/STM32H7xx_HAL_Driver/Src/stm32h7xx_hal_rcc.o
 .debug_abbrev  0x00000000000022e3      0x32e ./Drivers/STM32H7xx_HAL_Driver/Src/stm32h7xx_hal_rcc_ex.o
 .debug_abbrev  0x0000000000002611      0x2a7 ./Drivers/STM32H7xx_HAL_Driver/Src/stm32h7xx_hal_rng.o
 .debug_abbrev  0x00000000000028b8      0x2cf ./Drivers/STM32H7xx_HAL_Driver/Src/stm32h7xx_hal_rtc.o
 .debug_abbrev  0x0000000000002b87      0x2f6 ./Drivers/STM32H7xx_HAL_Driver/Src/stm32h7xx_hal_rtc_ex.o
 .debug_abbrev  0x0000000000002e7d      0x38e ./Drivers/STM32H7xx_HAL_Driver/Src/stm32h7xx_hal_uart.o
 .debug_abbrev  0x000000000000320b      0x33d ./Drivers/STM32H7xx_HAL_Driver/Src/stm32h7xx_hal_uart_ex.o

.debug_aranges  0x0000000000000000     0x10a8
 .debug_aranges
                0x0000000000000000       0xa0 ./Core/Src/main.o
 .debug_aranges
                0x00000000000000a0       0x60 ./Core/Src/stm32h7xx_hal_msp.o
 .debug_aranges
                0x0000000000000100       0x68 ./Core/Src/stm32h7xx_it.o
 .debug_aranges
                0x0000000000000168       0x28 ./Core/Src/system_stm32h7xx.o
 .debug_aranges
                0x0000000000000190       0x28 ./Core/Startup/startup_stm32h7a3zitxq.o
 .debug_aranges
                0x00000000000001b8      0x1a0 ./Drivers/STM32H7xx_HAL_Driver/Src/stm32h7xx_hal.o
 .debug_aranges
                0x0000000000000358      0x228 ./Drivers/STM32H7xx_HAL_Driver/Src/stm32h7xx_hal_adc.o
 .debug_aranges
                0x0000000000000580      0x120 ./Drivers/STM32H7xx_HAL_Driver/Src/stm32h7xx_hal_cortex.o
 .debug_aranges
                0x00000000000006a0       0x58 ./Drivers/STM32H7xx_HAL_Driver/Src/stm32h7xx_hal_gpio.o
 .debug_aranges
                0x00000000000006f8       0x28 ./Drivers/STM32H7xx_HAL_Driver/Src/stm32h7xx_hal_iwdg.o
 .debug_aranges
                0x0000000000000720       0xa0 ./Drivers/STM32H7xx_HAL_Driver/Src/stm32h7xx_hal_pwr.o
 .debug_aranges
                0x00000000000007c0      0x188 ./Drivers/STM32H7xx_HAL_Driver/Src/stm32h7xx_hal_pwr_ex.o
 .debug_aranges
                0x0000000000000948       0x88 ./Drivers/STM32H7xx_HAL_Driver/Src/stm32h7xx_hal_rcc.o
 .debug_aranges
                0x00000000000009d0       0xf0 ./Drivers/STM32H7xx_HAL_Driver/Src/stm32h7xx_hal_rcc_ex.o
 .debug_aranges
                0x0000000000000ac0       0x80 ./Drivers/STM32H7xx_HAL_Driver/Src/stm32h7xx_hal_rng.o
 .debug_aranges
                0x0000000000000b40       0xc0 ./Drivers/STM32H7xx_HAL_Driver/Src/stm32h7xx_hal_rtc.o
 .debug_aranges
                0x0000000000000c00      0x1c0 ./Drivers/STM32H7xx_HAL_Driver/Src/stm32h7xx_hal_rtc_ex.o
 .debug_aranges
                0x0000000000000dc0      0x248 ./Drivers/STM32H7xx_HAL_Driver/Src/stm32h7xx_hal_uart.o
 .debug_aranges
                0x0000000000001008       0xa0 ./Drivers/STM32H7xx_HAL_Driver/Src/stm32h7xx_hal_uart_ex.o

.debug_ranges   0x0000000000000000      0xfb0
 .debug_ranges  0x0000000000000000       0x90 ./Core/Src/main.o
 .debug_ranges  0x0000000000000090       0x50 ./Core/Src/stm32h7xx_hal_msp.o
 .debug_ranges  0x00000000000000e0       0x58 ./Core/Src/stm32h7xx_it.o
 .debug_ranges  0x0000000000000138       0x18 ./Core/Src/system_stm32h7xx.o
 .debug_ranges  0x0000000000000150       0x20 ./Core/Startup/startup_stm32h7a3zitxq.o
 .debug_ranges  0x0000000000000170      0x190 ./Drivers/STM32H7xx_HAL_Driver/Src/stm32h7xx_hal.o
 .debug_ranges  0x0000000000000300      0x218 ./Drivers/STM32H7xx_HAL_Driver/Src/stm32h7xx_hal_adc.o
 .debug_ranges  0x0000000000000518      0x110 ./Drivers/STM32H7xx_HAL_Driver/Src/stm32h7xx_hal_cortex.o
 .debug_ranges  0x0000000000000628       0x48 ./Drivers/STM32H7xx_HAL_Driver/Src/stm32h7xx_hal_gpio.o
 .debug_ranges  0x0000000000000670       0x18 ./Drivers/STM32H7xx_HAL_Driver/Src/stm32h7xx_hal_iwdg.o
 .debug_ranges  0x0000000000000688       0x90 ./Drivers/STM32H7xx_HAL_Driver/Src/stm32h7xx_hal_pwr.o
 .debug_ranges  0x0000000000000718      0x178 ./Drivers/STM32H7xx_HAL_Driver/Src/stm32h7xx_hal_pwr_ex.o
 .debug_ranges  0x0000000000000890       0x78 ./Drivers/STM32H7xx_HAL_Driver/Src/stm32h7xx_hal_rcc.o
 .debug_ranges  0x0000000000000908       0xe0 ./Drivers/STM32H7xx_HAL_Driver/Src/stm32h7xx_hal_rcc_ex.o
 .debug_ranges  0x00000000000009e8       0x70 ./Drivers/STM32H7xx_HAL_Driver/Src/stm32h7xx_hal_rng.o
 .debug_ranges  0x0000000000000a58       0xb0 ./Drivers/STM32H7xx_HAL_Driver/Src/stm32h7xx_hal_rtc.o
 .debug_ranges  0x0000000000000b08      0x1b0 ./Drivers/STM32H7xx_HAL_Driver/Src/stm32h7xx_hal_rtc_ex.o
 .debug_ranges  0x0000000000000cb8      0x268 ./Drivers/STM32H7xx_HAL_Driver/Src/stm32h7xx_hal_uart.o
 .debug_ranges  0x0000000000000f20       0x90 ./Drivers/STM32H7xx_HAL_Driver/Src/stm32h7xx_hal_uart_ex.o

.debug_macro    0x0000000000000000    0x32cc9
 .debug_macro   0x0000000000000000      0x43b ./Core/Src/main.o
 .debug_macro   0x000000000000043b      0xac0 ./Core/Src/main.o
 .debug_macro   0x0000000000000efb      0x24a ./Core/Src/main.o
 .debug_macro   0x0000000000001145       0x2e ./Core/Src/main.o
 .debug_macro   0x0000000000001173       0x42 ./Core/Src/main.o
 .debug_macro   0x00000000000011b5       0x22 ./Core/Src/main.o
 .debug_macro   0x00000000000011d7       0x8e ./Core/Src/main.o
 .debug_macro   0x0000000000001265       0x51 ./Core/Src/main.o
 .debug_macro   0x00000000000012b6      0x103 ./Core/Src/main.o
 .debug_macro   0x00000000000013b9       0x6a ./Core/Src/main.o
 .debug_macro   0x0000000000001423      0x1df ./Core/Src/main.o
 .debug_macro   0x0000000000001602       0x1c ./Core/Src/main.o
 .debug_macro   0x000000000000161e       0x22 ./Core/Src/main.o
 .debug_macro   0x0000000000001640      0x101 ./Core/Src/main.o
 .debug_macro   0x0000000000001741     0x1305 ./Core/Src/main.o
 .debug_macro   0x0000000000002a46      0x11f ./Core/Src/main.o
 .debug_macro   0x0000000000002b65       0x27 ./Core/Src/main.o
 .debug_macro   0x0000000000002b8c    0x1e8d1 ./Core/Src/main.o
 .debug_macro   0x000000000002145d       0x6d ./Core/Src/main.o
 .debug_macro   0x00000000000214ca     0x3d29 ./Core/Src/main.o
 .debug_macro   0x00000000000251f3      0x174 ./Core/Src/main.o
 .debug_macro   0x0000000000025367       0x52 ./Core/Src/main.o
 .debug_macro   0x00000000000253b9       0x17 ./Core/Src/main.o
 .debug_macro   0x00000000000253d0       0x3c ./Core/Src/main.o
 .debug_macro   0x000000000002540c       0x34 ./Core/Src/main.o
 .debug_macro   0x0000000000025440       0x16 ./Core/Src/main.o
 .debug_macro   0x0000000000025456       0x43 ./Core/Src/main.o
 .debug_macro   0x0000000000025499       0x34 ./Core/Src/main.o
 .debug_macro   0x00000000000254cd       0x10 ./Core/Src/main.o
 .debug_macro   0x00000000000254dd       0x58 ./Core/Src/main.o
 .debug_macro   0x0000000000025535       0x71 ./Core/Src/main.o
 .debug_macro   0x00000000000255a6       0x1c ./Core/Src/main.o
 .debug_macro   0x00000000000255c2      0x12a ./Core/Src/main.o
 .debug_macro   0x00000000000256ec      0x333 ./Core/Src/main.o
 .debug_macro   0x0000000000025a1f      0x1a9 ./Core/Src/main.o
 .debug_macro   0x0000000000025bc8       0x5d ./Core/Src/main.o
 .debug_macro   0x0000000000025c25     0x24ee ./Core/Src/main.o
 .debug_macro   0x0000000000028113     0x1010 ./Core/Src/main.o
 .debug_macro   0x0000000000029123      0x14d ./Core/Src/main.o
 .debug_macro   0x0000000000029270      0x114 ./Core/Src/main.o
 .debug_macro   0x0000000000029384      0x3bf ./Core/Src/main.o
 .debug_macro   0x0000000000029743       0xac ./Core/Src/main.o
 .debug_macro   0x00000000000297ef      0x70a ./Core/Src/main.o
 .debug_macro   0x0000000000029ef9      0x20c ./Core/Src/main.o
 .debug_macro   0x000000000002a105       0x66 ./Core/Src/main.o
 .debug_macro   0x000000000002a16b      0x3c9 ./Core/Src/main.o
 .debug_macro   0x000000000002a534      0x3eb ./Core/Src/main.o
 .debug_macro   0x000000000002a91f      0x275 ./Core/Src/main.o
 .debug_macro   0x000000000002ab94     0x1021 ./Core/Src/main.o
 .debug_macro   0x000000000002bbb5      0x6be ./Core/Src/main.o
 .debug_macro   0x000000000002c273      0x34b ./Core/Src/main.o
 .debug_macro   0x000000000002c5be      0x6c8 ./Core/Src/main.o
 .debug_macro   0x000000000002cc86      0x520 ./Core/Src/main.o
 .debug_macro   0x000000000002d1a6       0x58 ./Core/Src/main.o
 .debug_macro   0x000000000002d1fe       0x4a ./Core/Src/main.o
 .debug_macro   0x000000000002d248      0x22c ./Core/Src/main.o
 .debug_macro   0x000000000002d474       0x67 ./Core/Src/main.o
 .debug_macro   0x000000000002d4db       0xa5 ./Core/Src/main.o
 .debug_macro   0x000000000002d580       0x85 ./Core/Src/main.o
 .debug_macro   0x000000000002d605      0x1bd ./Core/Src/main.o
 .debug_macro   0x000000000002d7c2      0x2dc ./Core/Src/main.o
 .debug_macro   0x000000000002da9e       0x35 ./Core/Src/main.o
 .debug_macro   0x000000000002dad3       0xa4 ./Core/Src/main.o
 .debug_macro   0x000000000002db77       0x99 ./Core/Src/main.o
 .debug_macro   0x000000000002dc10       0x19 ./Core/Src/main.o
 .debug_macro   0x000000000002dc29      0x360 ./Core/Src/main.o
 .debug_macro   0x000000000002df89      0x701 ./Core/Src/main.o
 .debug_macro   0x000000000002e68a       0xeb ./Core/Src/main.o
 .debug_macro   0x000000000002e775      0x67e ./Core/Src/main.o
 .debug_macro   0x000000000002edf3       0xa6 ./Core/Src/main.o
 .debug_macro   0x000000000002ee99      0x5be ./Core/Src/main.o
 .debug_macro   0x000000000002f457       0xc4 ./Core/Src/main.o
 .debug_macro   0x000000000002f51b       0x1c ./Core/Src/main.o
 .debug_macro   0x000000000002f537       0x35 ./Core/Src/main.o
 .debug_macro   0x000000000002f56c       0x10 ./Core/Src/main.o
 .debug_macro   0x000000000002f57c       0x10 ./Core/Src/main.o
 .debug_macro   0x000000000002f58c       0x1c ./Core/Src/main.o
 .debug_macro   0x000000000002f5a8       0x52 ./Core/Src/main.o
 .debug_macro   0x000000000002f5fa       0x22 ./Core/Src/main.o
 .debug_macro   0x000000000002f61c       0x10 ./Core/Src/main.o
 .debug_macro   0x000000000002f62c       0x40 ./Core/Src/main.o
 .debug_macro   0x000000000002f66c       0xd5 ./Core/Src/main.o
 .debug_macro   0x000000000002f741       0x1c ./Core/Src/main.o
 .debug_macro   0x000000000002f75d       0x3d ./Core/Src/main.o
 .debug_macro   0x000000000002f79a       0x16 ./Core/Src/main.o
 .debug_macro   0x000000000002f7b0      0x145 ./Core/Src/main.o
 .debug_macro   0x000000000002f8f5       0x16 ./Core/Src/main.o
 .debug_macro   0x000000000002f90b       0x20 ./Core/Src/main.o
 .debug_macro   0x000000000002f92b      0x302 ./Core/Src/stm32h7xx_hal_msp.o
 .debug_macro   0x000000000002fc2d      0x30c ./Core/Src/stm32h7xx_it.o
 .debug_macro   0x000000000002ff39      0x2f3 ./Core/Src/system_stm32h7xx.o
 .debug_macro   0x000000000003022c      0x31d ./Drivers/STM32H7xx_HAL_Driver/Src/stm32h7xx_hal.o
 .debug_macro   0x0000000000030549      0x317 ./Drivers/STM32H7xx_HAL_Driver/Src/stm32h7xx_hal_adc.o
 .debug_macro   0x0000000000030860      0x2f3 ./Drivers/STM32H7xx_HAL_Driver/Src/stm32h7xx_hal_cortex.o
 .debug_macro   0x0000000000030b53      0x2fa ./Drivers/STM32H7xx_HAL_Driver/Src/stm32h7xx_hal_gpio.o
 .debug_macro   0x0000000000030e4d      0x301 ./Drivers/STM32H7xx_HAL_Driver/Src/stm32h7xx_hal_iwdg.o
 .debug_macro   0x000000000003114e      0x317 ./Drivers/STM32H7xx_HAL_Driver/Src/stm32h7xx_hal_pwr.o
 .debug_macro   0x0000000000031465      0x32c ./Drivers/STM32H7xx_HAL_Driver/Src/stm32h7xx_hal_pwr_ex.o
 .debug_macro   0x0000000000031791      0x317 ./Drivers/STM32H7xx_HAL_Driver/Src/stm32h7xx_hal_rcc.o
 .debug_macro   0x0000000000031aa8      0x311 ./Drivers/STM32H7xx_HAL_Driver/Src/stm32h7xx_hal_rcc_ex.o
 .debug_macro   0x0000000000031db9      0x306 ./Drivers/STM32H7xx_HAL_Driver/Src/stm32h7xx_hal_rng.o
 .debug_macro   0x00000000000320bf      0x2f4 ./Drivers/STM32H7xx_HAL_Driver/Src/stm32h7xx_hal_rtc.o
 .debug_macro   0x00000000000323b3      0x2f9 ./Drivers/STM32H7xx_HAL_Driver/Src/stm32h7xx_hal_rtc_ex.o
 .debug_macro   0x00000000000326ac      0x31e ./Drivers/STM32H7xx_HAL_Driver/Src/stm32h7xx_hal_uart.o
 .debug_macro   0x00000000000329ca      0x2ff ./Drivers/STM32H7xx_HAL_Driver/Src/stm32h7xx_hal_uart_ex.o

.debug_line     0x0000000000000000    0x152eb
 .debug_line    0x0000000000000000      0xe91 ./Core/Src/main.o
 .debug_line    0x0000000000000e91      0xa41 ./Core/Src/stm32h7xx_hal_msp.o
 .debug_line    0x00000000000018d2      0x9c5 ./Core/Src/stm32h7xx_it.o
 .debug_line    0x0000000000002297      0xa8c ./Core/Src/system_stm32h7xx.o
 .debug_line    0x0000000000002d23       0x89 ./Core/Startup/startup_stm32h7a3zitxq.o
 .debug_line    0x0000000000002dac      0xea5 ./Drivers/STM32H7xx_HAL_Driver/Src/stm32h7xx_hal.o
 .debug_line    0x0000000000003c51     0x20e9 ./Drivers/STM32H7xx_HAL_Driver/Src/stm32h7xx_hal_adc.o
 .debug_line    0x0000000000005d3a      0xe9e ./Drivers/STM32H7xx_HAL_Driver/Src/stm32h7xx_hal_cortex.o
 .debug_line    0x0000000000006bd8      0xd5b ./Drivers/STM32H7xx_HAL_Driver/Src/stm32h7xx_hal_gpio.o
 .debug_line    0x0000000000007933      0x976 ./Drivers/STM32H7xx_HAL_Driver/Src/stm32h7xx_hal_iwdg.o
 .debug_line    0x00000000000082a9      0xb05 ./Drivers/STM32H7xx_HAL_Driver/Src/stm32h7xx_hal_pwr.o
 .debug_line    0x0000000000008dae     0x1026 ./Drivers/STM32H7xx_HAL_Driver/Src/stm32h7xx_hal_pwr_ex.o
 .debug_line    0x0000000000009dd4     0x13a2 ./Drivers/STM32H7xx_HAL_Driver/Src/stm32h7xx_hal_rcc.o
 .debug_line    0x000000000000b176     0x1ad0 ./Drivers/STM32H7xx_HAL_Driver/Src/stm32h7xx_hal_rcc_ex.o
 .debug_line    0x000000000000cc46      0xc26 ./Drivers/STM32H7xx_HAL_Driver/Src/stm32h7xx_hal_rng.o
 .debug_line    0x000000000000d86c     0x12a2 ./Drivers/STM32H7xx_HAL_Driver/Src/stm32h7xx_hal_rtc.o
 .debug_line    0x000000000000eb0e     0x1905 ./Drivers/STM32H7xx_HAL_Driver/Src/stm32h7xx_hal_rtc_ex.o
 .debug_line    0x0000000000010413     0x3f62 ./Drivers/STM32H7xx_HAL_Driver/Src/stm32h7xx_hal_uart.o
 .debug_line    0x0000000000014375      0xf76 ./Drivers/STM32H7xx_HAL_Driver/Src/stm32h7xx_hal_uart_ex.o

.debug_str      0x0000000000000000   0x150a6c
 .debug_str     0x0000000000000000   0x14b85d ./Core/Src/main.o
                                     0x14c111 (size before relaxing)
 .debug_str     0x000000000014b85d      0xa6a ./Core/Src/stm32h7xx_hal_msp.o
                                     0x14b518 (size before relaxing)
 .debug_str     0x000000000014c2c7       0xd2 ./Core/Src/stm32h7xx_it.o
                                     0x149f04 (size before relaxing)
 .debug_str     0x000000000014c399      0x2da ./Core/Src/system_stm32h7xx.o
                                     0x149ecb (size before relaxing)
 .debug_str     0x000000000014c673       0x37 ./Core/Startup/startup_stm32h7a3zitxq.o
                                         0x6a (size before relaxing)
 .debug_str     0x000000000014c6aa      0x755 ./Drivers/STM32H7xx_HAL_Driver/Src/stm32h7xx_hal.o
                                     0x14acb7 (size before relaxing)
 .debug_str     0x000000000014cdff      0xa4a ./Drivers/STM32H7xx_HAL_Driver/Src/stm32h7xx_hal_adc.o
                                     0x14aaf0 (size before relaxing)
 .debug_str     0x000000000014d849      0x393 ./Drivers/STM32H7xx_HAL_Driver/Src/stm32h7xx_hal_cortex.o
                                     0x14a7cc (size before relaxing)
 .debug_str     0x000000000014dbdc      0x12a ./Drivers/STM32H7xx_HAL_Driver/Src/stm32h7xx_hal_gpio.o
                                     0x149ea9 (size before relaxing)
 .debug_str     0x000000000014dd06      0x107 ./Drivers/STM32H7xx_HAL_Driver/Src/stm32h7xx_hal_iwdg.o
                                     0x149b2a (size before relaxing)
 .debug_str     0x000000000014de0d      0x294 ./Drivers/STM32H7xx_HAL_Driver/Src/stm32h7xx_hal_pwr.o
                                     0x149e85 (size before relaxing)
 .debug_str     0x000000000014e0a1      0x725 ./Drivers/STM32H7xx_HAL_Driver/Src/stm32h7xx_hal_pwr_ex.o
                                     0x14a410 (size before relaxing)
 .debug_str     0x000000000014e7c6      0x26c ./Drivers/STM32H7xx_HAL_Driver/Src/stm32h7xx_hal_rcc.o
                                     0x14a25e (size before relaxing)
 .debug_str     0x000000000014ea32      0x63d ./Drivers/STM32H7xx_HAL_Driver/Src/stm32h7xx_hal_rcc_ex.o
                                     0x14a6cb (size before relaxing)
 .debug_str     0x000000000014f06f      0x185 ./Drivers/STM32H7xx_HAL_Driver/Src/stm32h7xx_hal_rng.o
                                     0x149c71 (size before relaxing)
 .debug_str     0x000000000014f1f4      0x2ab ./Drivers/STM32H7xx_HAL_Driver/Src/stm32h7xx_hal_rtc.o
                                     0x14a044 (size before relaxing)
 .debug_str     0x000000000014f49f      0x8e0 ./Drivers/STM32H7xx_HAL_Driver/Src/stm32h7xx_hal_rtc_ex.o
                                     0x14a709 (size before relaxing)
 .debug_str     0x000000000014fd7f      0xa06 ./Drivers/STM32H7xx_HAL_Driver/Src/stm32h7xx_hal_uart.o
                                     0x14ac5c (size before relaxing)
 .debug_str     0x0000000000150785      0x2e7 ./Drivers/STM32H7xx_HAL_Driver/Src/stm32h7xx_hal_uart_ex.o
                                     0x14a263 (size before relaxing)

.comment        0x0000000000000000       0x53
 .comment       0x0000000000000000       0x53 ./Core/Src/main.o
                                         0x54 (size before relaxing)
 .comment       0x0000000000000053       0x54 ./Core/Src/stm32h7xx_hal_msp.o
 .comment       0x0000000000000053       0x54 ./Core/Src/stm32h7xx_it.o
 .comment       0x0000000000000053       0x54 ./Core/Src/system_stm32h7xx.o
 .comment       0x0000000000000053       0x54 ./Drivers/STM32H7xx_HAL_Driver/Src/stm32h7xx_hal.o
 .comment       0x0000000000000053       0x54 ./Drivers/STM32H7xx_HAL_Driver/Src/stm32h7xx_hal_adc.o
 .comment       0x0000000000000053       0x54 ./Drivers/STM32H7xx_HAL_Driver/Src/stm32h7xx_hal_cortex.o
 .comment       0x0000000000000053       0x54 ./Drivers/STM32H7xx_HAL_Driver/Src/stm32h7xx_hal_gpio.o
 .comment       0x0000000000000053       0x54 ./Drivers/STM32H7xx_HAL_Driver/Src/stm32h7xx_hal_iwdg.o
 .comment       0x0000000000000053       0x54 ./Drivers/STM32H7xx_HAL_Driver/Src/stm32h7xx_hal_pwr.o
 .comment       0x0000000000000053       0x54 ./Drivers/STM32H7xx_HAL_Driver/Src/stm32h7xx_hal_pwr_ex.o
 .comment       0x0000000000000053       0x54 ./Drivers/STM32H7xx_HAL_Driver/Src/stm32h7xx_hal_rcc.o
 .comment       0x0000000000000053       0x54 ./Drivers/STM32H7xx_HAL_Driver/Src/stm32h7xx_hal_rcc_ex.o
 .comment       0x0000000000000053       0x54 ./Drivers/STM32H7xx_HAL_Driver/Src/stm32h7xx_hal_rng.o
 .comment       0x0000000000000053       0x54 ./Drivers/STM32H7xx_HAL_Driver/Src/stm32h7xx_hal_rtc.o
 .comment       0x0000000000000053       0x54 ./Drivers/STM32H7xx_HAL_Driver/Src/stm32h7xx_hal_rtc_ex.o
 .comment       0x0000000000000053       0x54 ./Drivers/STM32H7xx_HAL_Driver/Src/stm32h7xx_hal_uart.o
 .comment       0x0000000000000053       0x54 ./Drivers/STM32H7xx_HAL_Driver/Src/stm32h7xx_hal_uart_ex.o

.debug_frame    0x0000000000000000     0x45ec
 .debug_frame   0x0000000000000000      0x250 ./Core/Src/main.o
 .debug_frame   0x0000000000000250      0x164 ./Core/Src/stm32h7xx_hal_msp.o
 .debug_frame   0x00000000000003b4      0x120 ./Core/Src/stm32h7xx_it.o
 .debug_frame   0x00000000000004d4       0x58 ./Core/Src/system_stm32h7xx.o
 .debug_frame   0x000000000000052c      0x6a8 ./Drivers/STM32H7xx_HAL_Driver/Src/stm32h7xx_hal.o
 .debug_frame   0x0000000000000bd4      0xa28 ./Drivers/STM32H7xx_HAL_Driver/Src/stm32h7xx_hal_adc.o
 .debug_frame   0x00000000000015fc      0x4b8 ./Drivers/STM32H7xx_HAL_Driver/Src/stm32h7xx_hal_cortex.o
 .debug_frame   0x0000000000001ab4      0x14c ./Drivers/STM32H7xx_HAL_Driver/Src/stm32h7xx_hal_gpio.o
 .debug_frame   0x0000000000001c00       0x5c ./Drivers/STM32H7xx_HAL_Driver/Src/stm32h7xx_hal_iwdg.o
 .debug_frame   0x0000000000001c5c      0x254 ./Drivers/STM32H7xx_HAL_Driver/Src/stm32h7xx_hal_pwr.o
 .debug_frame   0x0000000000001eb0      0x660 ./Drivers/STM32H7xx_HAL_Driver/Src/stm32h7xx_hal_pwr_ex.o
 .debug_frame   0x0000000000002510      0x1fc ./Drivers/STM32H7xx_HAL_Driver/Src/stm32h7xx_hal_rcc.o
 .debug_frame   0x000000000000270c      0x3cc ./Drivers/STM32H7xx_HAL_Driver/Src/stm32h7xx_hal_rcc_ex.o
 .debug_frame   0x0000000000002ad8      0x204 ./Drivers/STM32H7xx_HAL_Driver/Src/stm32h7xx_hal_rng.o
 .debug_frame   0x0000000000002cdc      0x32c ./Drivers/STM32H7xx_HAL_Driver/Src/stm32h7xx_hal_rtc.o
 .debug_frame   0x0000000000003008      0x810 ./Drivers/STM32H7xx_HAL_Driver/Src/stm32h7xx_hal_rtc_ex.o
 .debug_frame   0x0000000000003818      0xa8c ./Drivers/STM32H7xx_HAL_Driver/Src/stm32h7xx_hal_uart.o
 .debug_frame   0x00000000000042a4      0x29c ./Drivers/STM32H7xx_HAL_Driver/Src/stm32h7xx_hal_uart_ex.o
 .debug_frame   0x0000000000004540       0x2c c:/st/stm32cubeide_1.7.0/stm32cubeide/plugins/com.st.stm32cube.ide.mcu.externaltools.gnu-tools-for-stm32.9-2020-q2-update.win32_2.0.0.202105311346/tools/bin/../lib/gcc/arm-none-eabi/9.3.1/../../../../arm-none-eabi/lib/thumb/v7e-m+dp/hard\libc_nano.a(lib_a-init.o)
 .debug_frame   0x000000000000456c       0x20 c:/st/stm32cubeide_1.7.0/stm32cubeide/plugins/com.st.stm32cube.ide.mcu.externaltools.gnu-tools-for-stm32.9-2020-q2-update.win32_2.0.0.202105311346/tools/bin/../lib/gcc/arm-none-eabi/9.3.1/../../../../arm-none-eabi/lib/thumb/v7e-m+dp/hard\libc_nano.a(lib_a-memset.o)
 .debug_frame   0x000000000000458c       0x2c c:/st/stm32cubeide_1.7.0/stm32cubeide/plugins/com.st.stm32cube.ide.mcu.externaltools.gnu-tools-for-stm32.9-2020-q2-update.win32_2.0.0.202105311346/tools/bin/../lib/gcc/arm-none-eabi/9.3.1/thumb/v7e-m+dp/hard\libgcc.a(_aeabi_uldivmod.o)
 .debug_frame   0x00000000000045b8       0x34 c:/st/stm32cubeide_1.7.0/stm32cubeide/plugins/com.st.stm32cube.ide.mcu.externaltools.gnu-tools-for-stm32.9-2020-q2-update.win32_2.0.0.202105311346/tools/bin/../lib/gcc/arm-none-eabi/9.3.1/thumb/v7e-m+dp/hard\libgcc.a(_udivmoddi4.o)
