main.c:123:5:main	4176	static
main.c:247:6:SystemClock_Config	120	static
main.c:317:13:MX_ADC2_Init	40	static
main.c:376:13:MX_IWDG1_Init	8	static
main.c:405:13:MX_RNG_Init	8	static
main.c:432:13:MX_RTC_Init	72	static
main.c:514:13:MX_USART3_UART_Init	8	static
main.c:562:13:MX_GPIO_Init	64	static
main.c:636:6:HAL_RTC_AlarmAEventCallback	16	static
main.c:641:6:set_time_custom	112	static
main.c:655:6:set_date_custom	4	static
main.c:661:6:set_alarm_custom	24	static
main.c:672:6:FLASH_Read	24	static
main.c:683:6:Print_readed_data	40	static
main.c:695:6:FLASH_write	16	static
main.c:713:6:FLASH_clear	32	static
main.c:737:6:Error_Handler	4	static,ignoring_inline_asm
