main.c:133:5:main	4112	static
main.c:238:6:SystemClock_Config	120	static
main.c:308:13:MX_ADC2_Init	40	static
main.c:367:13:MX_IWDG1_Init	8	static
main.c:396:13:MX_RNG_Init	8	static
main.c:423:13:MX_RTC_Init	72	static
main.c:505:13:MX_USART3_UART_Init	8	static
main.c:553:13:MX_WWDG1_Init	8	static
main.c:583:13:MX_GPIO_Init	64	static
main.c:657:6:HAL_RTC_AlarmAEventCallback	16	static
main.c:662:6:get_time_date	80	static
main.c:673:5:get_temperature	16	static
main.c:684:6:transmit_temperature	216	static
main.c:693:6:gen_random_number	112	static
main.c:701:6:set_time_custom	112	static
main.c:715:6:set_date_custom	4	static
main.c:721:6:set_alarm_custom	24	static
main.c:732:6:FLASH_Read	24	static
main.c:743:6:Print_readed_data	40	static
main.c:755:6:FLASH_write	16	static
main.c:773:6:FLASH_clear	32	static
main.c:797:6:Error_Handler	4	static,ignoring_inline_asm
